Archive member included because of file (symbol)

D:\Work\eclipse\ArduinoCore\Release\libArduinoCore.a(HardwareSerial.o)
                              ./main.o (Serial)
D:\Work\eclipse\ArduinoCore\Release\libArduinoCore.a(Print.o)
                              ./libs/SoftwareSerial/SoftwareSerial.o (Print::write(unsigned char const*, unsigned int))
D:\Work\eclipse\ArduinoCore\Release\libArduinoCore.a(WString.o)
                              D:\Work\eclipse\ArduinoCore\Release\libArduinoCore.a(Print.o) (String::operator[](unsigned int) const)
D:\Work\eclipse\ArduinoCore\Release\libArduinoCore.a(new.o)
                              ./libs/SoftwareSerial/SoftwareSerial.o (__cxa_pure_virtual)
D:\Work\eclipse\ArduinoCore\Release\libArduinoCore.a(wiring.o)
                              ./libs/DallasTemperature/DallasTemperature.o (millis)
D:\Work\eclipse\ArduinoCore\Release\libArduinoCore.a(wiring_digital.o)
                              ./libs/SoftwareSerial/SoftwareSerial.o (pinMode)
c:/progra~2/arduino/hardware/tools/avr/bin/../lib/gcc/avr/4.3.2/avr5\libgcc.a(_mulsi3.o)
                              ./main.o (__mulsi3)
c:/progra~2/arduino/hardware/tools/avr/bin/../lib/gcc/avr/4.3.2/avr5\libgcc.a(_divmodhi4.o)
                              ./libs/SoftwareSerial/SoftwareSerial.o (__divmodhi4)
c:/progra~2/arduino/hardware/tools/avr/bin/../lib/gcc/avr/4.3.2/avr5\libgcc.a(_udivmodsi4.o)
                              ./main.o (__udivmodsi4)
c:/progra~2/arduino/hardware/tools/avr/bin/../lib/gcc/avr/4.3.2/avr5\libgcc.a(_exit.o)
                              c:/progra~2/arduino/hardware/tools/avr/bin/../lib/gcc/avr/4.3.2/../../../../avr/lib/avr5/crtm328p.o (exit)
c:/progra~2/arduino/hardware/tools/avr/bin/../lib/gcc/avr/4.3.2/avr5\libgcc.a(_copy_data.o)
                              ./libs/SoftwareSerial/SoftwareSerial.o (__do_copy_data)
c:/progra~2/arduino/hardware/tools/avr/bin/../lib/gcc/avr/4.3.2/avr5\libgcc.a(_clear_bss.o)
                              ./libs/SoftwareSerial/SoftwareSerial.o (__do_clear_bss)
c:/progra~2/arduino/hardware/tools/avr/bin/../lib/gcc/avr/4.3.2/avr5\libgcc.a(_ctors.o)
                              ./main.o (__do_global_ctors)
c:/progra~2/arduino/hardware/tools/avr/bin/../lib/gcc/avr/4.3.2/avr5\libgcc.a(_dtors.o)
                              ./main.o (__do_global_dtors)
c:/progra~2/arduino/hardware/tools/avr/bin/../lib/gcc/avr/4.3.2/avr5\libgcc.a(_fixunssfsi.o)
                              ./libs/DallasTemperature/DallasTemperature.o (__fixunssfsi)
c:/progra~2/arduino/hardware/tools/avr/bin/../lib/gcc/avr/4.3.2/avr5\libgcc.a(_addsub_sf.o)
                              ./libs/DallasTemperature/DallasTemperature.o (__subsf3)
c:/progra~2/arduino/hardware/tools/avr/bin/../lib/gcc/avr/4.3.2/avr5\libgcc.a(_mul_sf.o)
                              ./libs/DallasTemperature/DallasTemperature.o (__mulsf3)
c:/progra~2/arduino/hardware/tools/avr/bin/../lib/gcc/avr/4.3.2/avr5\libgcc.a(_div_sf.o)
                              ./libs/DallasTemperature/DallasTemperature.o (__divsf3)
c:/progra~2/arduino/hardware/tools/avr/bin/../lib/gcc/avr/4.3.2/avr5\libgcc.a(_gt_sf.o)
                              D:\Work\eclipse\ArduinoCore\Release\libArduinoCore.a(Print.o) (__gtsf2)
c:/progra~2/arduino/hardware/tools/avr/bin/../lib/gcc/avr/4.3.2/avr5\libgcc.a(_ge_sf.o)
                              ./main.o (__gesf2)
c:/progra~2/arduino/hardware/tools/avr/bin/../lib/gcc/avr/4.3.2/avr5\libgcc.a(_lt_sf.o)
                              D:\Work\eclipse\ArduinoCore\Release\libArduinoCore.a(Print.o) (__ltsf2)
c:/progra~2/arduino/hardware/tools/avr/bin/../lib/gcc/avr/4.3.2/avr5\libgcc.a(_le_sf.o)
                              ./main.o (__lesf2)
c:/progra~2/arduino/hardware/tools/avr/bin/../lib/gcc/avr/4.3.2/avr5\libgcc.a(_unord_sf.o)
                              D:\Work\eclipse\ArduinoCore\Release\libArduinoCore.a(Print.o) (__unordsf2)
c:/progra~2/arduino/hardware/tools/avr/bin/../lib/gcc/avr/4.3.2/avr5\libgcc.a(_si_to_sf.o)
                              ./libs/DallasTemperature/DallasTemperature.o (__floatsisf)
c:/progra~2/arduino/hardware/tools/avr/bin/../lib/gcc/avr/4.3.2/avr5\libgcc.a(_sf_to_si.o)
                              ./main.o (__fixsfsi)
c:/progra~2/arduino/hardware/tools/avr/bin/../lib/gcc/avr/4.3.2/avr5\libgcc.a(_thenan_sf.o)
                              c:/progra~2/arduino/hardware/tools/avr/bin/../lib/gcc/avr/4.3.2/avr5\libgcc.a(_addsub_sf.o) (__thenan_sf)
c:/progra~2/arduino/hardware/tools/avr/bin/../lib/gcc/avr/4.3.2/avr5\libgcc.a(_usi_to_sf.o)
                              ./libs/DallasTemperature/DallasTemperature.o (__floatunsisf)
c:/progra~2/arduino/hardware/tools/avr/bin/../lib/gcc/avr/4.3.2/avr5\libgcc.a(_udivmodhi4.o)
                              c:/progra~2/arduino/hardware/tools/avr/bin/../lib/gcc/avr/4.3.2/avr5\libgcc.a(_divmodhi4.o) (__udivmodhi4)
c:/progra~2/arduino/hardware/tools/avr/bin/../lib/gcc/avr/4.3.2/avr5\libgcc.a(_prologue.o)
[...]
Memory Configuration

Name             Origin             Length             Attributes
text             0x00000000         0x00020000         xr
data             0x00800060         0x0000ffa0         rw !x
eeprom           0x00810000         0x00010000         rw !x
fuse             0x00820000         0x00000400         rw !x
lock             0x00830000         0x00000400         rw !x
signature        0x00840000         0x00000400         rw !x
*default*        0x00000000         0xffffffff

Linker script and memory map

Address of section .data set to 0x800100
LOAD c:/progra~2/arduino/hardware/tools/avr/bin/../lib/gcc/avr/4.3.2/../../../../avr/lib/avr5/crtm328p.o
LOAD ./libs/SoftwareSerial/SoftwareSerial.o
LOAD ./libs/OneWire/OneWire.o
LOAD ./libs/EEPROM/EEPROM.o
LOAD ./libs/DallasTemperature/DallasTemperature.o
LOAD ./main.o
LOAD D:\Work\eclipse\ArduinoCore\Release\libArduinoCore.a
LOAD c:/progra~2/arduino/hardware/tools/avr/bin/../lib/gcc/avr/4.3.2/avr5\libgcc.a
LOAD c:/progra~2/arduino/hardware/tools/avr/bin/../lib/gcc/avr/4.3.2/../../../../avr/lib/avr5\libm.a
LOAD c:/progra~2/arduino/hardware/tools/avr/bin/../lib/gcc/avr/4.3.2/avr5\libgcc.a
LOAD c:/progra~2/arduino/hardware/tools/avr/bin/../lib/gcc/avr/4.3.2/../../../../avr/lib/avr5\libc.a
LOAD c:/progra~2/arduino/hardware/tools/avr/bin/../lib/gcc/avr/4.3.2/avr5\libgcc.a

.hash
 *(.hash)

.dynsym
 *(.dynsym)

.dynstr
 *(.dynstr)

.gnu.version
 *(.gnu.version)

.gnu.version_d
 *(.gnu.version_d)

.gnu.version_r
 *(.gnu.version_r)

.rel.init
 *(.rel.init)

.rela.init
 *(.rela.init)

.rel.text
 *(.rel.text)
 *(.rel.text.*)
 *(.rel.gnu.linkonce.t*)

.rela.text
 *(.rela.text)
 *(.rela.text.*)
 *(.rela.gnu.linkonce.t*)

.rel.fini
 *(.rel.fini)

.rela.fini
 *(.rela.fini)

.rel.rodata
 *(.rel.rodata)
 *(.rel.rodata.*)
 *(.rel.gnu.linkonce.r*)

.rela.rodata
 *(.rela.rodata)
 *(.rela.rodata.*)
 *(.rela.gnu.linkonce.r*)

.rel.data
 *(.rel.data)
 *(.rel.data.*)
 *(.rel.gnu.linkonce.d*)

.rela.data
 *(.rela.data)
 *(.rela.data.*)
 *(.rela.gnu.linkonce.d*)

.rel.ctors
 *(.rel.ctors)

.rela.ctors
 *(.rela.ctors)

.rel.dtors
 *(.rel.dtors)

.rela.dtors
 *(.rela.dtors)

.rel.got
 *(.rel.got)

.rela.got
 *(.rela.got)

.rel.bss
 *(.rel.bss)

.rela.bss
 *(.rela.bss)

.rel.plt
 *(.rel.plt)

.rela.plt
 *(.rela.plt)

.text           0x00000000     0x6f2c
 *(.vectors)
 .vectors       0x00000000       0x68 c:/progra~2/arduino/hardware/tools/avr/bin/../lib/gcc/avr/4.3.2/../../../../avr/lib/avr5/crtm328p.o
                0x00000000                __vectors
                0x00000000                __vector_default
 *(.vectors)
 *(.progmem.gcc*)
 *(.progmem*)
 .progmem.data  0x00000068       0x9c ./libs/SoftwareSerial/SoftwareSerial.o
 .progmem.data  0x00000104      0x100 ./libs/OneWire/OneWire.o
 .progmem.data  0x00000204       0x5a D:\Work\eclipse\ArduinoCore\Release\libArduinoCore.a(wiring_digital.o)
                0x00000204                port_to_mode_PGM
                0x00000222                digital_pin_to_port_PGM
                0x00000236                digital_pin_to_bit_mask_PGM
                0x0000020e                port_to_output_PGM
                0x00000218                port_to_input_PGM
                0x0000024a                digital_pin_to_timer_PGM
                0x0000025e                . = ALIGN (0x2)
                0x0000025e                __trampolines_start = .
 *(.trampolines)
 .trampolines   0x0000025e        0x0 linker stubs
 *(.trampolines*)
                0x0000025e                __trampolines_end = .
 *(.jumptables)
 *(.jumptables*)
 *(.lowtext)
 *(.lowtext*)
                0x0000025e                __ctors_start = .
 *(.ctors)
 .ctors         0x0000025e        0x2 ./main.o
 .ctors         0x00000260        0x2 D:\Work\eclipse\ArduinoCore\Release\libArduinoCore.a(HardwareSerial.o)
                0x00000262                __ctors_end = .
                0x00000262                __dtors_start = .
 *(.dtors)
 .dtors         0x00000262        0x2 ./main.o
                0x00000264                __dtors_end = .
 SORT(*)(.ctors)
 SORT(*)(.dtors)
 *(.init0)
 .init0         0x00000264        0x0 c:/progra~2/arduino/hardware/tools/avr/bin/../lib/gcc/avr/4.3.2/../../../../avr/lib/avr5/crtm328p.o
                0x00000264                __init
 *(.init0)
 *(.init1)
 *(.init1)
 *(.init2)
 .init2         0x00000264        0xc c:/progra~2/arduino/hardware/tools/avr/bin/../lib/gcc/avr/4.3.2/../../../../avr/lib/avr5/crtm328p.o
 *(.init2)
 *(.init3)
 *(.init3)
 *(.init4)
 .init4         0x00000270       0x16 c:/progra~2/arduino/hardware/tools/avr/bin/../lib/gcc/avr/4.3.2/avr5\libgcc.a(_copy_data.o)
                0x00000270                __do_copy_data
 .init4         0x00000286       0x10 c:/progra~2/arduino/hardware/tools/avr/bin/../lib/gcc/avr/4.3.2/avr5\libgcc.a(_clear_bss.o)
                0x00000286                __do_clear_bss
 *(.init4)
 *(.init5)
 *(.init5)
 *(.init6)
 .init6         0x00000296       0x16 c:/progra~2/arduino/hardware/tools/avr/bin/../lib/gcc/avr/4.3.2/avr5\libgcc.a(_ctors.o)
                0x00000296                __do_global_ctors
 *(.init6)
 *(.init7)
 *(.init7)
 *(.init8)
 *(.init8)
 *(.init9)
 .init9         0x000002ac        0x8 c:/progra~2/arduino/hardware/tools/avr/bin/../lib/gcc/avr/4.3.2/../../../../avr/lib/avr5/crtm328p.o
 *(.init9)
 *(.text)
 .text          0x000002b4        0x4 c:/progra~2/arduino/hardware/tools/avr/bin/../lib/gcc/avr/4.3.2/../../../../avr/lib/avr5/crtm328p.o
                0x000002b4                __vector_22
                0x000002b4                __vector_1
                0x000002b4                __vector_24
                0x000002b4                __vector_12
                0x000002b4                __bad_interrupt
                0x000002b4                __vector_6
                0x000002b4                __vector_23
                0x000002b4                __vector_25
                0x000002b4                __vector_11
                0x000002b4                __vector_13
                0x000002b4                __vector_17
                0x000002b4                __vector_7
                0x000002b4                __vector_9
                0x000002b4                __vector_2
                0x000002b4                __vector_21
                0x000002b4                __vector_15
                0x000002b4                __vector_8
                0x000002b4                __vector_14
                0x000002b4                __vector_10
                0x000002b4                __vector_20
 .text          0x000002b8      0x7d6 ./libs/SoftwareSerial/SoftwareSerial.o
                0x000004f2                SoftwareSerial::begin(long)
                0x000002b8                SoftwareSerial::listen()
                0x00000a32                SoftwareSerial::SoftwareSerial(unsigned char, unsigned char, bool)
                0x000003f6                __vector_3
                0x00000980                SoftwareSerial::setTX(unsigned char)
                0x000006fa                SoftwareSerial::read()
                0x000003c4                SoftwareSerial::tx_pin_write(unsigned char)
                0x000008f6                SoftwareSerial::peek()
                0x00000770                SoftwareSerial::write(unsigned char)
                0x000002f0                SoftwareSerial::recv()
                0x000006e8                SoftwareSerial::~SoftwareSerial()
                0x0000049e                __vector_5
                0x0000073c                SoftwareSerial::available()
                0x0000066c                SoftwareSerial::end()
                0x0000044a                __vector_4
                0x000003e2                SoftwareSerial::rx_pin_read()
                0x000006d6                SoftwareSerial::~SoftwareSerial()
                0x0000092a                SoftwareSerial::setRX(unsigned char)
                0x000008d4                SoftwareSerial::flush()
                0x000009d6                SoftwareSerial::SoftwareSerial(unsigned char, unsigned char, bool)
 .text          0x00000a8e      0x65e ./libs/OneWire/OneWire.o
                0x00000d96                OneWire::select(unsigned char*)
                0x00000dd8                OneWire::write_bytes(unsigned char const*, unsigned int, bool)
                0x00000e52                OneWire::reset()
                0x00001080                OneWire::OneWire(unsigned char)
                0x00000ae6                OneWire::crc16(unsigned char*, unsigned int)
                0x00000c60                OneWire::read_bytes(unsigned char*, unsigned int)
                0x00000aaa                OneWire::reset_search()
                0x00000b82                OneWire::check_crc16(unsigned char*, unsigned int, unsigned char*)
                0x00000d8c                OneWire::skip()
                0x00000ca4                OneWire::write_bit(unsigned char)
                0x00000ee8                OneWire::search(unsigned char*)
                0x00000ac4                OneWire::crc8(unsigned char*, unsigned char)
                0x00000bbe                OneWire::read_bit()
                0x00000c26                OneWire::read()
                0x00000a8e                OneWire::depower()
                0x00000d0c                OneWire::write(unsigned char, unsigned char)
                0x00001014                OneWire::OneWire(unsigned char)
 .text          0x000010ec       0x26 ./libs/EEPROM/EEPROM.o
                0x000010ec                EEPROMClass::read(int)
                0x000010fa                EEPROMClass::write(int, unsigned char)
 .text          0x00001112      0xdbc ./libs/DallasTemperature/DallasTemperature.o
                0x000017c4                DallasTemperature::hasAlarm(unsigned char*)
                0x00001bb6                DallasTemperature::validAddress(unsigned char*)
                0x00001876                DallasTemperature::getHighAlarmTemp(unsigned char*)
                0x00001520                DallasTemperature::writeScratchPad(unsigned char*, unsigned char const*)
                0x0000197c                DallasTemperature::getTempC(unsigned char*)
                0x00001916                DallasTemperature::setHighAlarmTemp(unsigned char*, char)
                0x00001112                DallasTemperature::DallasTemperature(OneWire*)
                0x000012fc                DallasTemperature::setAlarmHandler(void (*)(unsigned char*))
                0x00001762                DallasTemperature::requestTemperatures()
                0x00001d08                DallasTemperature::getTempFByIndex(unsigned char)
                0x0000116c                DallasTemperature::getCheckForConversion()
                0x00001478                DallasTemperature::hasAlarm()
                0x00001dfc                DallasTemperature::begin()
                0x000019e4                DallasTemperature::getTempF(unsigned char*)
                0x00001bd8                DallasTemperature::processAlarms()
                0x0000114e                DallasTemperature::getDeviceCount()
                0x0000115a                DallasTemperature::setWaitForConversion(bool)
                0x0000183c                DallasTemperature::getLowAlarmTemp(unsigned char*)
                0x00001160                DallasTemperature::getWaitForConversion()
                0x00001d26                DallasTemperature::requestTemperaturesByIndex(unsigned char)
                0x000014c8                DallasTemperature::readPowerSupply(unsigned char*)
                0x00001306                DallasTemperature::toFahrenheit(float)
                0x00001c5e                DallasTemperature::getAddress(unsigned char*, unsigned char)
                0x00001154                DallasTemperature::getResolution()
                0x00001166                DallasTemperature::setCheckForConversion(bool)
                0x00001cba                DallasTemperature::getTempCByIndex(unsigned char)
                0x0000133a                DallasTemperature::alarmSearch(unsigned char*)
                0x0000168a                DallasTemperature::isConversionAvailable(unsigned char*)
                0x00001a6e                DallasTemperature::requestTemperaturesByAddress(unsigned char*)
                0x00001d76                DallasTemperature::setResolution(unsigned char)
                0x0000179e                DallasTemperature::isConnected(unsigned char*, unsigned char*)
                0x000015be                DallasTemperature::readScratchPad(unsigned char*, unsigned char*)
                0x000018b0                DallasTemperature::setLowAlarmTemp(unsigned char*, char)
                0x000016c0                DallasTemperature::blockTillConversionComplete(unsigned char*, unsigned char*)
                0x00001304                DallasTemperature::defaultAlarmHandler(unsigned char*)
                0x00001320                DallasTemperature::toCelsius(float)
                0x00001172                DallasTemperature::calculateTemperature(unsigned char*, unsigned char*)
                0x00001130                DallasTemperature::DallasTemperature(OneWire*)
                0x00001b00                DallasTemperature::setResolution(unsigned char*, unsigned char)
                0x00001a02                DallasTemperature::getResolution(unsigned char*)
                0x000012e6                DallasTemperature::resetAlarmSearch()
                0x000012e0                DallasTemperature::isParasitePowerMode()
                0x00001b86                DallasTemperature::isConnected(unsigned char*)
 .text          0x00001ece     0x1438 ./main.o
                0x00002a08                cmd_Start(int)
                0x0000249e                displayData(String)
                0x00002d8e                loop
                0x000029a0                readYes()
                0x000022b0                cmd_Save()
                0x00001f64                cmd_StepDel()
                0x00002434                cmd_Read()
                0x000032f8                main
                0x00001ece                cmd_StepAdd(unsigned long, unsigned long, unsigned long, unsigned long)
                0x000024be                setTemperature(unsigned long)
                0x000020ce                setup
                0x00001fbc                cmd_StepInsert(int, unsigned long, unsigned long)
                0x00001fbe                cmd_StepUpdate(int, unsigned long, unsigned long, unsigned long, unsigned long)
                0x00002124                cmd_Load()
                0x000026ee                cmd_Show()
 .text          0x00003306      0x71a D:\Work\eclipse\ArduinoCore\Release\libArduinoCore.a(HardwareSerial.o)
                0x0000383e                HardwareSerial::peek()
                0x0000381c                HardwareSerial::available()
                0x000038f0                HardwareSerial::write(unsigned char)
                0x000034a2                HardwareSerial::HardwareSerial(ring_buffer*, ring_buffer*, unsigned char volatile*, unsigned char volatile*, unsigned char volatile*, unsigned char volatile*, unsigned char volatile*, unsigned char volatile*, unsigned char, unsigned char, unsigned char, unsigned char, unsigned char)
                0x0000352a                HardwareSerial::begin(unsigned long)
                0x0000337e                serialEventRun()
                0x000038d0                HardwareSerial::flush()
                0x000033a4                __vector_19
                0x00003638                HardwareSerial::begin(unsigned long, unsigned char)
                0x00003750                HardwareSerial::end()
                0x00003306                serialEvent()
                0x00003970                HardwareSerial::operator bool()
                0x0000387e                HardwareSerial::read()
                0x00003308                __vector_18
                0x0000341a                HardwareSerial::HardwareSerial(ring_buffer*, ring_buffer*, unsigned char volatile*, unsigned char volatile*, unsigned char volatile*, unsigned char volatile*, unsigned char volatile*, unsigned char volatile*, unsigned char, unsigned char, unsigned char, unsigned char, unsigned char)
 .text          0x00003a20      0x748 D:\Work\eclipse\ArduinoCore\Release\libArduinoCore.a(Print.o)
                0x00004140                Print::println(String const&)
                0x00003d14                Print::println(unsigned int, int)
                0x00003b78                Print::println(Printable const&)
                0x00003ae0                Print::println()
                0x00003e7c                Print::println(int, int)
                0x00003be4                Print::printNumber(unsigned long, unsigned char)
                0x00003a20                Print::write(unsigned char const*, unsigned int)
                0x00004088                Print::print(double, int)
                0x00003b20                Print::println(__FlashStringHelper const*)
                0x00003b48                Print::println(char)
                0x00003bac                Print::write(char const*)
                0x00003ec0                Print::printFloat(double, unsigned char)
                0x00003aca                Print::print(Printable const&)
                0x00003e56                Print::print(int, int)
                0x00003a74                Print::print(__FlashStringHelper const*)
                0x00003d4e                Print::print(unsigned char, int)
                0x000040b4                Print::println(char const*)
                0x00003aba                Print::print(char)
                0x00003d72                Print::println(unsigned char, int)
                0x00003cf2                Print::print(unsigned int, int)
                0x00003eba                Print::print(char const*)
                0x00003cac                Print::print(unsigned long, int)
                0x00003e2e                Print::println(long, int)
                0x0000408e                Print::println(double, int)
                0x00003dae                Print::print(long, int)
                0x00003cca                Print::println(unsigned long, int)
                0x000040da                Print::print(String const&)
 .text          0x00004168     0x129a D:\Work\eclipse\ArduinoCore\Release\libArduinoCore.a(WString.o)
                0x000050fa                String::String(int, unsigned char)
                0x0000418a                String::setCharAt(unsigned int, char)
                0x00004430                String::lastIndexOf(String const&) const
                0x00004706                String::startsWith(String const&, unsigned int) const
                0x00004698                String::operator>=(String const&) const
                0x00005378                String::substring(unsigned int) const
                0x00004230                String::trim()
                0x000052ea                String::substring(unsigned int, unsigned int) const
                0x000041a4                String::operator[](unsigned int)
                0x000053be                String::String(String const&)
                0x0000444c                String::indexOf(String const&, unsigned int) const
                0x00004bc8                String::concat(unsigned char)
                0x00004c20                String::concat(char)
                0x000051be                String::String(unsigned char, unsigned char)
                0x000041ce                String::operator[](unsigned int) const
                0x00005222                String::String(unsigned char, unsigned char)
                0x000052b8                String::String(char)
                0x00004c66                String::concat(String const&)
                0x0000515c                String::String(int, unsigned char)
                0x00004168                String::charAt(unsigned int) const
                0x00004f6e                String::String(long, unsigned char)
                0x00004772                String::changeBuffer(unsigned int)
                0x00004d22                operator+(StringSumHelper const&, unsigned char)
                0x000049b0                String::reserve(unsigned int)
                0x00005098                String::String(unsigned int, unsigned char)
                0x0000454e                String::getBytes(unsigned char*, unsigned int, unsigned int) const
                0x0000474c                String::startsWith(String const&) const
                0x000041f0                String::replace(char, char)
                0x000053ea                String::~String()
                0x000053d4                String::String(String const&)
                0x00004d9e                operator+(StringSumHelper const&, String const&)
                0x00004dca                String::copy(char const*, unsigned int)
                0x00004544                String::indexOf(char) const
                0x00004a42                String::concat(unsigned long)
                0x000053f6                String::~String()
                0x00004f0a                String::String(unsigned long, unsigned char)
                0x00005390                String::operator=(String const&)
                0x00004d66                operator+(StringSumHelper const&, char const*)
                0x00004c9a                operator+(StringSumHelper const&, unsigned long)
                0x000045a8                String::endsWith(String const&) const
                0x00004c46                String::concat(char const*)
                0x00004c76                String::invalidate()
                0x00004394                String::lastIndexOf(String const&, unsigned int) const
                0x00004e0c                String::String(char const*)
                0x00004632                String::compareTo(String const&) const
                0x00004cde                operator+(StringSumHelper const&, unsigned int)
                0x000045ec                String::equals(char const*) const
                0x00004492                String::lastIndexOf(char, unsigned int) const
                0x000049e8                String::concat(char const*, unsigned int)
                0x0000420e                String::toInt() const
                0x00004300                String::toLowerCase()
                0x00004488                String::indexOf(String const&) const
                0x000046da                String::equals(String const&) const
                0x000046cc                String::operator<(String const&) const
                0x00004e74                String::operator=(char const*)
                0x000046a8                String::operator<=(String const&) const
                0x00004aa6                String::concat(long)
                0x00004e40                String::String(char const*)
                0x00004d44                operator+(StringSumHelper const&, char)
                0x00004324                String::equalsIgnoreCase(String const&) const
                0x000044fc                String::lastIndexOf(char) const
                0x00005036                String::String(unsigned int, unsigned char)
                0x00004b0a                String::concat(unsigned int)
                0x00004ea6                String::String(unsigned long, unsigned char)
                0x00004d00                operator+(StringSumHelper const&, int)
                0x00005286                String::String(char)
                0x0000450c                String::indexOf(char, unsigned int) const
                0x00004cbc                operator+(StringSumHelper const&, long)
                0x000047a6                String::replace(String const&, String const&)
                0x00004fd2                String::String(long, unsigned char)
                0x000042dc                String::toUpperCase()
                0x000046ba                String::operator>(String const&) const
                0x00004b66                String::concat(int)
 .text          0x00005402       0x2c D:\Work\eclipse\ArduinoCore\Release\libArduinoCore.a(new.o)
                0x00005422                operator delete(void*)
                0x00005420                __cxa_pure_virtual
                0x00005416                __cxa_guard_release
                0x0000541e                __cxa_guard_abort
                0x00005428                operator new(unsigned int)
                0x00005402                __cxa_guard_acquire
 .text          0x0000542e      0x234 D:\Work\eclipse\ArduinoCore\Release\libArduinoCore.a(wiring.o)
                0x000055ec                init
                0x000054da                micros
                0x00005526                delay
                0x0000542e                __vector_16
                0x000054be                millis
                0x000055d8                delayMicroseconds
 .text          0x00005662      0x1cc D:\Work\eclipse\ArduinoCore\Release\libArduinoCore.a(wiring_digital.o)
                0x00005788                digitalRead
                0x000056e0                digitalWrite
                0x00005662                pinMode
 .text          0x0000582e        0x0 c:/progra~2/arduino/hardware/tools/avr/bin/../lib/gcc/avr/4.3.2/avr5\libgcc.a(_mulsi3.o)
 .text          0x0000582e        0x0 c:/progra~2/arduino/hardware/tools/avr/bin/../lib/gcc/avr/4.3.2/avr5\libgcc.a(_divmodhi4.o)
 .text          0x0000582e        0x0 c:/progra~2/arduino/hardware/tools/avr/bin/../lib/gcc/avr/4.3.2/avr5\libgcc.a(_udivmodsi4.o)
 .text          0x0000582e        0x0 c:/progra~2/arduino/hardware/tools/avr/bin/../lib/gcc/avr/4.3.2/avr5\libgcc.a(_exit.o)
 .text          0x0000582e        0x0 c:/progra~2/arduino/hardware/tools/avr/bin/../lib/gcc/avr/4.3.2/avr5\libgcc.a(_copy_data.o)
 .text          0x0000582e        0x0 c:/progra~2/arduino/hardware/tools/avr/bin/../lib/gcc/avr/4.3.2/avr5\libgcc.a(_clear_bss.o)
 .text          0x0000582e        0x0 c:/progra~2/arduino/hardware/tools/avr/bin/../lib/gcc/avr/4.3.2/avr5\libgcc.a(_ctors.o)
 .text          0x0000582e        0x0 c:/progra~2/arduino/hardware/tools/avr/bin/../lib/gcc/avr/4.3.2/avr5\libgcc.a(_dtors.o)
 .text          0x0000582e       0x58 c:/progra~2/arduino/hardware/tools/avr/bin/../lib/gcc/avr/4.3.2/avr5\libgcc.a(_fixunssfsi.o)
                0x0000582e                __fixunssfsi
 .text          0x00005886      0x354 c:/progra~2/arduino/hardware/tools/avr/bin/../lib/gcc/avr/4.3.2/avr5\libgcc.a(_addsub_sf.o)
                0x00005b1e                __subsf3
                0x00005b80                __addsf3
 .text          0x00005bda      0x1f4 c:/progra~2/arduino/hardware/tools/avr/bin/../lib/gcc/avr/4.3.2/avr5\libgcc.a(_mul_sf.o)
                0x00005bda                __mulsf3
 .text          0x00005dce      0x158 c:/progra~2/arduino/hardware/tools/avr/bin/../lib/gcc/avr/4.3.2/avr5\libgcc.a(_div_sf.o)
                0x00005dce                __divsf3
 .text          0x00005f26       0x60 c:/progra~2/arduino/hardware/tools/avr/bin/../lib/gcc/avr/4.3.2/avr5\libgcc.a(_gt_sf.o)
                0x00005f26                __gtsf2
 .text          0x00005f86       0x60 c:/progra~2/arduino/hardware/tools/avr/bin/../lib/gcc/avr/4.3.2/avr5\libgcc.a(_ge_sf.o)
                0x00005f86                __gesf2
 .text          0x00005fe6       0x60 c:/progra~2/arduino/hardware/tools/avr/bin/../lib/gcc/avr/4.3.2/avr5\libgcc.a(_lt_sf.o)
                0x00005fe6                __ltsf2
 .text          0x00006046       0x60 c:/progra~2/arduino/hardware/tools/avr/bin/../lib/gcc/avr/4.3.2/avr5\libgcc.a(_le_sf.o)
                0x00006046                __lesf2
 .text          0x000060a6       0x56 c:/progra~2/arduino/hardware/tools/avr/bin/../lib/gcc/avr/4.3.2/avr5\libgcc.a(_unord_sf.o)
                0x000060a6                __unordsf2
 .text          0x000060fc       0xbc c:/progra~2/arduino/hardware/tools/avr/bin/../lib/gcc/avr/4.3.2/avr5\libgcc.a(_si_to_sf.o)
                0x000060fc                __floatsisf
 .text          0x000061b8       0xa8 c:/progra~2/arduino/hardware/tools/avr/bin/../lib/gcc/avr/4.3.2/avr5\libgcc.a(_sf_to_si.o)
                0x000061b8                __fixsfsi
 .text          0x00006260        0x0 c:/progra~2/arduino/hardware/tools/avr/bin/../lib/gcc/avr/4.3.2/avr5\libgcc.a(_thenan_sf.o)
 .text          0x00006260       0xf2 c:/progra~2/arduino/hardware/tools/avr/bin/../lib/gcc/avr/4.3.2/avr5\libgcc.a(_usi_to_sf.o)
                0x00006260                __floatunsisf
 .text          0x00006352        0x0 c:/progra~2/arduino/hardware/tools/avr/bin/../lib/gcc/avr/4.3.2/avr5\libgcc.a(_udivmodhi4.o)
 .text          0x00006352        0x0 c:/progra~2/arduino/hardware/tools/avr/bin/../lib/gcc/avr/4.3.2/avr5\libgcc.a(_prologue.o)
 .text          0x00006352        0x0 c:/progra~2/arduino/hardware/tools/avr/bin/../lib/gcc/avr/4.3.2/avr5\libgcc.a(_epilogue.o)
 .text          0x00006352        0x0 c:/progra~2/arduino/hardware/tools/avr/bin/../lib/gcc/avr/4.3.2/avr5\libgcc.a(_tablejump.o)
 .text          0x00006352       0x9e c:/progra~2/arduino/hardware/tools/avr/bin/../lib/gcc/avr/4.3.2/avr5\libgcc.a(_clzsi2.o)
                0x00006352                __clzsi2
 .text          0x000063f0      0x1aa c:/progra~2/arduino/hardware/tools/avr/bin/../lib/gcc/avr/4.3.2/avr5\libgcc.a(_pack_sf.o)
                0x000063f0                __pack_f
 .text          0x0000659a       0xf0 c:/progra~2/arduino/hardware/tools/avr/bin/../lib/gcc/avr/4.3.2/avr5\libgcc.a(_unpack_sf.o)
                0x0000659a                __unpack_f
 .text          0x0000668a       0xb2 c:/progra~2/arduino/hardware/tools/avr/bin/../lib/gcc/avr/4.3.2/avr5\libgcc.a(_fpcmp_parts_sf.o)
                0x0000668a                __fpcmp_parts_f
 .text          0x0000673c        0x0 c:/progra~2/arduino/hardware/tools/avr/bin/../lib/gcc/avr/4.3.2/avr5\libgcc.a(_clz.o)
 .text          0x0000673c      0x204 c:/progra~2/arduino/hardware/tools/avr/bin/../lib/gcc/avr/4.3.2/../../../../avr/lib/avr5\libc.a(malloc.o)
                0x0000673c                malloc
                0x00006890                free
 .text          0x00006940      0x1aa c:/progra~2/arduino/hardware/tools/avr/bin/../lib/gcc/avr/4.3.2/../../../../avr/lib/avr5\libc.a(realloc.o)
                0x00006940                realloc
 .text          0x00006aea       0x4e c:/progra~2/arduino/hardware/tools/avr/bin/../lib/gcc/avr/4.3.2/../../../../avr/lib/avr5\libc.a(atol.o)
                0x00006aea                atol
 .text          0x00006b38        0x0 c:/progra~2/arduino/hardware/tools/avr/bin/../lib/gcc/avr/4.3.2/../../../../avr/lib/avr5\libc.a(isspace.o)
 .text          0x00006b38        0x0 c:/progra~2/arduino/hardware/tools/avr/bin/../lib/gcc/avr/4.3.2/../../../../avr/lib/avr5\libc.a(tolower.o)
 .text          0x00006b38        0x0 c:/progra~2/arduino/hardware/tools/avr/bin/../lib/gcc/avr/4.3.2/../../../../avr/lib/avr5\libc.a(toupper.o)
 .text          0x00006b38       0x12 c:/progra~2/arduino/hardware/tools/avr/bin/../lib/gcc/avr/4.3.2/../../../../avr/lib/avr5\libc.a(memcpy.o)
                0x00006b38                memcpy
 .text          0x00006b4a       0x24 c:/progra~2/arduino/hardware/tools/avr/bin/../lib/gcc/avr/4.3.2/../../../../avr/lib/avr5\libc.a(memmove.o)
                0x00006b4a                memmove
 .text          0x00006b6e       0x16 c:/progra~2/arduino/hardware/tools/avr/bin/../lib/gcc/avr/4.3.2/../../../../avr/lib/avr5\libc.a(strchr.o)
                0x00006b6e                strchr
 .text          0x00006b84       0x12 c:/progra~2/arduino/hardware/tools/avr/bin/../lib/gcc/avr/4.3.2/../../../../avr/lib/avr5\libc.a(strcmp.o)
                0x00006b84                strcmp
 .text          0x00006b96        0xe c:/progra~2/arduino/hardware/tools/avr/bin/../lib/gcc/avr/4.3.2/../../../../avr/lib/avr5\libc.a(strcpy.o)
                0x00006b96                strcpy
 .text          0x00006ba4       0x1c c:/progra~2/arduino/hardware/tools/avr/bin/../lib/gcc/avr/4.3.2/../../../../avr/lib/avr5\libc.a(strncmp.o)
                0x00006ba4                strncmp
 .text          0x00006bc0       0x1e c:/progra~2/arduino/hardware/tools/avr/bin/../lib/gcc/avr/4.3.2/../../../../avr/lib/avr5\libc.a(strncpy.o)
                0x00006bc0                strncpy
 .text          0x00006bde       0x16 c:/progra~2/arduino/hardware/tools/avr/bin/../lib/gcc/avr/4.3.2/../../../../avr/lib/avr5\libc.a(strrchr.o)
                0x00006bde                strrchr
 .text          0x00006bf4       0x34 c:/progra~2/arduino/hardware/tools/avr/bin/../lib/gcc/avr/4.3.2/../../../../avr/lib/avr5\libc.a(strstr.o)
                0x00006bf4                strstr
 .text          0x00006c28       0x42 c:/progra~2/arduino/hardware/tools/avr/bin/../lib/gcc/avr/4.3.2/../../../../avr/lib/avr5\libc.a(itoa.o)
                0x00006c28                itoa
 .text          0x00006c6a       0x68 c:/progra~2/arduino/hardware/tools/avr/bin/../lib/gcc/avr/4.3.2/../../../../avr/lib/avr5\libc.a(ltoa.o)
                0x00006c6a                ltoa
 .text          0x00006cd2       0x2a c:/progra~2/arduino/hardware/tools/avr/bin/../lib/gcc/avr/4.3.2/../../../../avr/lib/avr5\libc.a(mulsi10.o)
                0x00006cd2                __mulsi_const_10
 .text          0x00006cfc       0x4a c:/progra~2/arduino/hardware/tools/avr/bin/../lib/gcc/avr/4.3.2/../../../../avr/lib/avr5\libc.a(ultoa.o)
                0x00006cfc                ultoa
 .text          0x00006d46       0x2c c:/progra~2/arduino/hardware/tools/avr/bin/../lib/gcc/avr/4.3.2/../../../../avr/lib/avr5\libc.a(utoa.o)
                0x00006d46                utoa
 .text          0x00006d72        0x0 c:/progra~2/arduino/hardware/tools/avr/bin/../lib/gcc/avr/4.3.2/../../../../avr/lib/avr5\libc.a(cty_isfalse.o)
 .text          0x00006d72       0x20 c:/progra~2/arduino/hardware/tools/avr/bin/../lib/gcc/avr/4.3.2/../../../../avr/lib/avr5\libc.a(strrev.o)
                0x00006d72                strrev
                0x00006d92                . = ALIGN (0x2)
 *(.text.*)
 .text.libgcc   0x00006d92       0x3e c:/progra~2/arduino/hardware/tools/avr/bin/../lib/gcc/avr/4.3.2/avr5\libgcc.a(_mulsi3.o)
                0x00006d92                __mulsi3
 .text.libgcc   0x00006dd0       0x26 c:/progra~2/arduino/hardware/tools/avr/bin/../lib/gcc/avr/4.3.2/avr5\libgcc.a(_divmodhi4.o)
                0x00006dd0                __divmodhi4
                0x00006dd0                _div
 .text.libgcc   0x00006df6       0x44 c:/progra~2/arduino/hardware/tools/avr/bin/../lib/gcc/avr/4.3.2/avr5\libgcc.a(_udivmodsi4.o)
                0x00006df6                __udivmodsi4
 .text.libgcc   0x00006e3a        0x0 c:/progra~2/arduino/hardware/tools/avr/bin/../lib/gcc/avr/4.3.2/avr5\libgcc.a(_exit.o)
 .text.libgcc   0x00006e3a        0x0 c:/progra~2/arduino/hardware/tools/avr/bin/../lib/gcc/avr/4.3.2/avr5\libgcc.a(_copy_data.o)
 .text.libgcc   0x00006e3a        0x0 c:/progra~2/arduino/hardware/tools/avr/bin/../lib/gcc/avr/4.3.2/avr5\libgcc.a(_clear_bss.o)
 .text.libgcc   0x00006e3a        0x0 c:/progra~2/arduino/hardware/tools/avr/bin/../lib/gcc/avr/4.3.2/avr5\libgcc.a(_ctors.o)
 .text.libgcc   0x00006e3a        0x0 c:/progra~2/arduino/hardware/tools/avr/bin/../lib/gcc/avr/4.3.2/avr5\libgcc.a(_dtors.o)
 .text.libgcc   0x00006e3a       0x28 c:/progra~2/arduino/hardware/tools/avr/bin/../lib/gcc/avr/4.3.2/avr5\libgcc.a(_udivmodhi4.o)
                0x00006e3a                __udivmodhi4
 .text.libgcc   0x00006e62       0x38 c:/progra~2/arduino/hardware/tools/avr/bin/../lib/gcc/avr/4.3.2/avr5\libgcc.a(_prologue.o)
                0x00006e62                __prologue_saves__
 .text.libgcc   0x00006e9a       0x36 c:/progra~2/arduino/hardware/tools/avr/bin/../lib/gcc/avr/4.3.2/avr5\libgcc.a(_epilogue.o)
                0x00006e9a                __epilogue_restores__
 .text.libgcc   0x00006ed0        0xc c:/progra~2/arduino/hardware/tools/avr/bin/../lib/gcc/avr/4.3.2/avr5\libgcc.a(_tablejump.o)
                0x00006ed4                __tablejump__
                0x00006ed0                __tablejump2__
 .text.ctype    0x00006edc       0x10 c:/progra~2/arduino/hardware/tools/avr/bin/../lib/gcc/avr/4.3.2/../../../../avr/lib/avr5\libc.a(isspace.o)
                0x00006edc                isspace
 .text.ctype    0x00006eec       0x10 c:/progra~2/arduino/hardware/tools/avr/bin/../lib/gcc/avr/4.3.2/../../../../avr/lib/avr5\libc.a(tolower.o)
                0x00006eec                tolower
 .text.ctype    0x00006efc       0x10 c:/progra~2/arduino/hardware/tools/avr/bin/../lib/gcc/avr/4.3.2/../../../../avr/lib/avr5\libc.a(toupper.o)
                0x00006efc                toupper
 .text.ctype    0x00006f0c        0x6 c:/progra~2/arduino/hardware/tools/avr/bin/../lib/gcc/avr/4.3.2/../../../../avr/lib/avr5\libc.a(cty_isfalse.o)
                0x00006f10                __ctype_istrue
                0x00006f0c                __ctype_isfalse
                0x00006f12                . = ALIGN (0x2)
 *(.fini9)
 .fini9         0x00006f12        0x0 c:/progra~2/arduino/hardware/tools/avr/bin/../lib/gcc/avr/4.3.2/avr5\libgcc.a(_exit.o)
                0x00006f12                exit
                0x00006f12                _exit
 *(.fini9)
 *(.fini8)
 *(.fini8)
 *(.fini7)
 *(.fini7)
 *(.fini6)
 .fini6         0x00006f12       0x16 c:/progra~2/arduino/hardware/tools/avr/bin/../lib/gcc/avr/4.3.2/avr5\libgcc.a(_dtors.o)
                0x00006f12                __do_global_dtors
 *(.fini6)
 *(.fini5)
 *(.fini5)
 *(.fini4)
 *(.fini4)
 *(.fini3)
 *(.fini3)
 *(.fini2)
 *(.fini2)
 *(.fini1)
 *(.fini1)
 *(.fini0)
 .fini0         0x00006f28        0x4 c:/progra~2/arduino/hardware/tools/avr/bin/../lib/gcc/avr/4.3.2/avr5\libgcc.a(_exit.o)
 *(.fini0)
                0x00006f2c                _etext = .

.data           0x00800100      0x222 load address 0x00006f2c
                0x00800100                PROVIDE (__data_start, .)
 *(.data)
 .data          0x00800100        0x0 c:/progra~2/arduino/hardware/tools/avr/bin/../lib/gcc/avr/4.3.2/../../../../avr/lib/avr5/crtm328p.o
 .data          0x00800100       0x20 ./libs/SoftwareSerial/SoftwareSerial.o
                0x00800110                vtable for Stream
                0x00800100                vtable for SoftwareSerial
 .data          0x00800120       0x10 ./libs/OneWire/OneWire.o
 .data          0x00800130        0x0 ./libs/EEPROM/EEPROM.o
 .data          0x00800130        0x0 ./libs/DallasTemperature/DallasTemperature.o
 .data          0x00800130       0xac ./main.o
                0x008001da                iTenLowMax
                0x008001d8                iTenHighMax
                0x008001d6                step
 .data          0x008001dc       0x20 D:\Work\eclipse\ArduinoCore\Release\libArduinoCore.a(HardwareSerial.o)
                0x008001dc                vtable for HardwareSerial
 .data          0x008001fc       0x16 D:\Work\eclipse\ArduinoCore\Release\libArduinoCore.a(Print.o)
                0x0080020a                vtable for Print
 .data          0x00800212        0x1 D:\Work\eclipse\ArduinoCore\Release\libArduinoCore.a(WString.o)
 .data          0x00800213        0x0 D:\Work\eclipse\ArduinoCore\Release\libArduinoCore.a(new.o)
 .data          0x00800213        0x0 D:\Work\eclipse\ArduinoCore\Release\libArduinoCore.a(wiring.o)
 .data          0x00800213        0x0 D:\Work\eclipse\ArduinoCore\Release\libArduinoCore.a(wiring_digital.o)
 .data          0x00800213        0x0 c:/progra~2/arduino/hardware/tools/avr/bin/../lib/gcc/avr/4.3.2/avr5\libgcc.a(_mulsi3.o)
 .data          0x00800213        0x0 c:/progra~2/arduino/hardware/tools/avr/bin/../lib/gcc/avr/4.3.2/avr5\libgcc.a(_divmodhi4.o)
 .data          0x00800213        0x0 c:/progra~2/arduino/hardware/tools/avr/bin/../lib/gcc/avr/4.3.2/avr5\libgcc.a(_udivmodsi4.o)
 .data          0x00800213        0x0 c:/progra~2/arduino/hardware/tools/avr/bin/../lib/gcc/avr/4.3.2/avr5\libgcc.a(_exit.o)
 .data          0x00800213        0x0 c:/progra~2/arduino/hardware/tools/avr/bin/../lib/gcc/avr/4.3.2/avr5\libgcc.a(_copy_data.o)
 .data          0x00800213        0x0 c:/progra~2/arduino/hardware/tools/avr/bin/../lib/gcc/avr/4.3.2/avr5\libgcc.a(_clear_bss.o)
 .data          0x00800213        0x0 c:/progra~2/arduino/hardware/tools/avr/bin/../lib/gcc/avr/4.3.2/avr5\libgcc.a(_ctors.o)
 .data          0x00800213        0x0 c:/progra~2/arduino/hardware/tools/avr/bin/../lib/gcc/avr/4.3.2/avr5\libgcc.a(_dtors.o)
 .data          0x00800213        0x0 c:/progra~2/arduino/hardware/tools/avr/bin/../lib/gcc/avr/4.3.2/avr5\libgcc.a(_fixunssfsi.o)
 .data          0x00800213        0x0 c:/progra~2/arduino/hardware/tools/avr/bin/../lib/gcc/avr/4.3.2/avr5\libgcc.a(_addsub_sf.o)
 .data          0x00800213        0x0 c:/progra~2/arduino/hardware/tools/avr/bin/../lib/gcc/avr/4.3.2/avr5\libgcc.a(_mul_sf.o)
 .data          0x00800213        0x0 c:/progra~2/arduino/hardware/tools/avr/bin/../lib/gcc/avr/4.3.2/avr5\libgcc.a(_div_sf.o)
 .data          0x00800213        0x0 c:/progra~2/arduino/hardware/tools/avr/bin/../lib/gcc/avr/4.3.2/avr5\libgcc.a(_gt_sf.o)
 .data          0x00800213        0x0 c:/progra~2/arduino/hardware/tools/avr/bin/../lib/gcc/avr/4.3.2/avr5\libgcc.a(_ge_sf.o)
 .data          0x00800213        0x0 c:/progra~2/arduino/hardware/tools/avr/bin/../lib/gcc/avr/4.3.2/avr5\libgcc.a(_lt_sf.o)
 .data          0x00800213        0x0 c:/progra~2/arduino/hardware/tools/avr/bin/../lib/gcc/avr/4.3.2/avr5\libgcc.a(_le_sf.o)
 .data          0x00800213        0x0 c:/progra~2/arduino/hardware/tools/avr/bin/../lib/gcc/avr/4.3.2/avr5\libgcc.a(_unord_sf.o)
 .data          0x00800213        0x0 c:/progra~2/arduino/hardware/tools/avr/bin/../lib/gcc/avr/4.3.2/avr5\libgcc.a(_si_to_sf.o)
 .data          0x00800213        0x0 c:/progra~2/arduino/hardware/tools/avr/bin/../lib/gcc/avr/4.3.2/avr5\libgcc.a(_sf_to_si.o)
 .data          0x00800213        0x8 c:/progra~2/arduino/hardware/tools/avr/bin/../lib/gcc/avr/4.3.2/avr5\libgcc.a(_thenan_sf.o)
                0x00800213                __thenan_sf
 .data          0x0080021b        0x0 c:/progra~2/arduino/hardware/tools/avr/bin/../lib/gcc/avr/4.3.2/avr5\libgcc.a(_usi_to_sf.o)
 .data          0x0080021b        0x0 c:/progra~2/arduino/hardware/tools/avr/bin/../lib/gcc/avr/4.3.2/avr5\libgcc.a(_udivmodhi4.o)
 .data          0x0080021b        0x0 c:/progra~2/arduino/hardware/tools/avr/bin/../lib/gcc/avr/4.3.2/avr5\libgcc.a(_prologue.o)
 .data          0x0080021b        0x0 c:/progra~2/arduino/hardware/tools/avr/bin/../lib/gcc/avr/4.3.2/avr5\libgcc.a(_epilogue.o)
 .data          0x0080021b        0x0 c:/progra~2/arduino/hardware/tools/avr/bin/../lib/gcc/avr/4.3.2/avr5\libgcc.a(_tablejump.o)
 .data          0x0080021b        0x0 c:/progra~2/arduino/hardware/tools/avr/bin/../lib/gcc/avr/4.3.2/avr5\libgcc.a(_clzsi2.o)
 .data          0x0080021b        0x0 c:/progra~2/arduino/hardware/tools/avr/bin/../lib/gcc/avr/4.3.2/avr5\libgcc.a(_pack_sf.o)
 .data          0x0080021b        0x0 c:/progra~2/arduino/hardware/tools/avr/bin/../lib/gcc/avr/4.3.2/avr5\libgcc.a(_unpack_sf.o)
 .data          0x0080021b        0x0 c:/progra~2/arduino/hardware/tools/avr/bin/../lib/gcc/avr/4.3.2/avr5\libgcc.a(_fpcmp_parts_sf.o)
 .data          0x0080021b      0x100 c:/progra~2/arduino/hardware/tools/avr/bin/../lib/gcc/avr/4.3.2/avr5\libgcc.a(_clz.o)
                0x0080021b                __clz_tab
 .data          0x0080031b        0x6 c:/progra~2/arduino/hardware/tools/avr/bin/../lib/gcc/avr/4.3.2/../../../../avr/lib/avr5\libc.a(malloc.o)
                0x0080031d                __malloc_heap_start
                0x0080031f                __malloc_heap_end
                0x0080031b                __malloc_margin
 .data          0x00800321        0x0 c:/progra~2/arduino/hardware/tools/avr/bin/../lib/gcc/avr/4.3.2/../../../../avr/lib/avr5\libc.a(realloc.o)
 .data          0x00800321        0x0 c:/progra~2/arduino/hardware/tools/avr/bin/../lib/gcc/avr/4.3.2/../../../../avr/lib/avr5\libc.a(atol.o)
 .data          0x00800321        0x0 c:/progra~2/arduino/hardware/tools/avr/bin/../lib/gcc/avr/4.3.2/../../../../avr/lib/avr5\libc.a(isspace.o)
 .data          0x00800321        0x0 c:/progra~2/arduino/hardware/tools/avr/bin/../lib/gcc/avr/4.3.2/../../../../avr/lib/avr5\libc.a(tolower.o)
 .data          0x00800321        0x0 c:/progra~2/arduino/hardware/tools/avr/bin/../lib/gcc/avr/4.3.2/../../../../avr/lib/avr5\libc.a(toupper.o)
 .data          0x00800321        0x0 c:/progra~2/arduino/hardware/tools/avr/bin/../lib/gcc/avr/4.3.2/../../../../avr/lib/avr5\libc.a(memcpy.o)
 .data          0x00800321        0x0 c:/progra~2/arduino/hardware/tools/avr/bin/../lib/gcc/avr/4.3.2/../../../../avr/lib/avr5\libc.a(memmove.o)
 .data          0x00800321        0x0 c:/progra~2/arduino/hardware/tools/avr/bin/../lib/gcc/avr/4.3.2/../../../../avr/lib/avr5\libc.a(strchr.o)
 .data          0x00800321        0x0 c:/progra~2/arduino/hardware/tools/avr/bin/../lib/gcc/avr/4.3.2/../../../../avr/lib/avr5\libc.a(strcmp.o)
 .data          0x00800321        0x0 c:/progra~2/arduino/hardware/tools/avr/bin/../lib/gcc/avr/4.3.2/../../../../avr/lib/avr5\libc.a(strcpy.o)
 .data          0x00800321        0x0 c:/progra~2/arduino/hardware/tools/avr/bin/../lib/gcc/avr/4.3.2/../../../../avr/lib/avr5\libc.a(strncmp.o)
 .data          0x00800321        0x0 c:/progra~2/arduino/hardware/tools/avr/bin/../lib/gcc/avr/4.3.2/../../../../avr/lib/avr5\libc.a(strncpy.o)
 .data          0x00800321        0x0 c:/progra~2/arduino/hardware/tools/avr/bin/../lib/gcc/avr/4.3.2/../../../../avr/lib/avr5\libc.a(strrchr.o)
 .data          0x00800321        0x0 c:/progra~2/arduino/hardware/tools/avr/bin/../lib/gcc/avr/4.3.2/../../../../avr/lib/avr5\libc.a(strstr.o)
 .data          0x00800321        0x0 c:/progra~2/arduino/hardware/tools/avr/bin/../lib/gcc/avr/4.3.2/../../../../avr/lib/avr5\libc.a(itoa.o)
 .data          0x00800321        0x0 c:/progra~2/arduino/hardware/tools/avr/bin/../lib/gcc/avr/4.3.2/../../../../avr/lib/avr5\libc.a(ltoa.o)
 .data          0x00800321        0x0 c:/progra~2/arduino/hardware/tools/avr/bin/../lib/gcc/avr/4.3.2/../../../../avr/lib/avr5\libc.a(mulsi10.o)
 .data          0x00800321        0x0 c:/progra~2/arduino/hardware/tools/avr/bin/../lib/gcc/avr/4.3.2/../../../../avr/lib/avr5\libc.a(ultoa.o)
 .data          0x00800321        0x0 c:/progra~2/arduino/hardware/tools/avr/bin/../lib/gcc/avr/4.3.2/../../../../avr/lib/avr5\libc.a(utoa.o)
 .data          0x00800321        0x0 c:/progra~2/arduino/hardware/tools/avr/bin/../lib/gcc/avr/4.3.2/../../../../avr/lib/avr5\libc.a(cty_isfalse.o)
 .data          0x00800321        0x0 c:/progra~2/arduino/hardware/tools/avr/bin/../lib/gcc/avr/4.3.2/../../../../avr/lib/avr5\libc.a(strrev.o)
 *(.data*)
 *(.rodata)
 *(.rodata*)
 *(.gnu.linkonce.d*)
                0x00800322                . = ALIGN (0x2)
 *fill*         0x00800321        0x1 00
                0x00800322                _edata = .
                0x00800322                PROVIDE (__data_end, .)

.bss            0x00800322      0x1f7
                0x00800322                PROVIDE (__bss_start, .)
 *(.bss)
 .bss           0x00800322        0x0 c:/progra~2/arduino/hardware/tools/avr/bin/../lib/gcc/avr/4.3.2/../../../../avr/lib/avr5/crtm328p.o
 .bss           0x00800322       0x44 ./libs/SoftwareSerial/SoftwareSerial.o
                0x00800322                SoftwareSerial::active_object
                0x00800365                SoftwareSerial::_receive_buffer_head
                0x00800324                SoftwareSerial::_receive_buffer
                0x00800364                SoftwareSerial::_receive_buffer_tail
 .bss           0x00800366        0x0 ./libs/OneWire/OneWire.o
 .bss           0x00800366        0x1 ./libs/EEPROM/EEPROM.o
                0x00800366                EEPROM
 .bss           0x00800367        0x0 ./libs/DallasTemperature/DallasTemperature.o
 .bss           0x00800367       0xfa ./main.o
                0x0080044d                iTenHigh
                0x0080045a                args
                0x008003ad                params
                0x00800451                goNext
                0x00800452                isWait
                0x00800383                oneWire
                0x008003a4                prevMillis
                0x008003a8                durationMillis
                0x00800367                blueToothSerial
                0x008003ac                steps
                0x0080044f                iTenLow
                0x00800391                sensors
                0x00800453                cmd
 .bss           0x00800461       0xaa D:\Work\eclipse\ArduinoCore\Release\libArduinoCore.a(HardwareSerial.o)
                0x00800461                rx_buffer
                0x008004a5                tx_buffer
                0x008004e9                Serial
 .bss           0x0080050b        0x0 D:\Work\eclipse\ArduinoCore\Release\libArduinoCore.a(Print.o)
 .bss           0x0080050b        0x1 D:\Work\eclipse\ArduinoCore\Release\libArduinoCore.a(WString.o)
 .bss           0x0080050c        0x0 D:\Work\eclipse\ArduinoCore\Release\libArduinoCore.a(new.o)
 .bss           0x0080050c        0x9 D:\Work\eclipse\ArduinoCore\Release\libArduinoCore.a(wiring.o)
                0x0080050c                timer0_overflow_count
                0x00800510                timer0_millis
 .bss           0x00800515        0x0 D:\Work\eclipse\ArduinoCore\Release\libArduinoCore.a(wiring_digital.o)
 .bss           0x00800515        0x0 c:/progra~2/arduino/hardware/tools/avr/bin/../lib/gcc/avr/4.3.2/avr5\libgcc.a(_mulsi3.o)
 .bss           0x00800515        0x0 c:/progra~2/arduino/hardware/tools/avr/bin/../lib/gcc/avr/4.3.2/avr5\libgcc.a(_divmodhi4.o)
 .bss           0x00800515        0x0 c:/progra~2/arduino/hardware/tools/avr/bin/../lib/gcc/avr/4.3.2/avr5\libgcc.a(_udivmodsi4.o)
 .bss           0x00800515        0x0 c:/progra~2/arduino/hardware/tools/avr/bin/../lib/gcc/avr/4.3.2/avr5\libgcc.a(_exit.o)
 .bss           0x00800515        0x0 c:/progra~2/arduino/hardware/tools/avr/bin/../lib/gcc/avr/4.3.2/avr5\libgcc.a(_copy_data.o)
 .bss           0x00800515        0x0 c:/progra~2/arduino/hardware/tools/avr/bin/../lib/gcc/avr/4.3.2/avr5\libgcc.a(_clear_bss.o)
 .bss           0x00800515        0x0 c:/progra~2/arduino/hardware/tools/avr/bin/../lib/gcc/avr/4.3.2/avr5\libgcc.a(_ctors.o)
 .bss           0x00800515        0x0 c:/progra~2/arduino/hardware/tools/avr/bin/../lib/gcc/avr/4.3.2/avr5\libgcc.a(_dtors.o)
 .bss           0x00800515        0x0 c:/progra~2/arduino/hardware/tools/avr/bin/../lib/gcc/avr/4.3.2/avr5\libgcc.a(_fixunssfsi.o)
 .bss           0x00800515        0x0 c:/progra~2/arduino/hardware/tools/avr/bin/../lib/gcc/avr/4.3.2/avr5\libgcc.a(_addsub_sf.o)
 .bss           0x00800515        0x0 c:/progra~2/arduino/hardware/tools/avr/bin/../lib/gcc/avr/4.3.2/avr5\libgcc.a(_mul_sf.o)
 .bss           0x00800515        0x0 c:/progra~2/arduino/hardware/tools/avr/bin/../lib/gcc/avr/4.3.2/avr5\libgcc.a(_div_sf.o)
 .bss           0x00800515        0x0 c:/progra~2/arduino/hardware/tools/avr/bin/../lib/gcc/avr/4.3.2/avr5\libgcc.a(_gt_sf.o)
 .bss           0x00800515        0x0 c:/progra~2/arduino/hardware/tools/avr/bin/../lib/gcc/avr/4.3.2/avr5\libgcc.a(_ge_sf.o)
 .bss           0x00800515        0x0 c:/progra~2/arduino/hardware/tools/avr/bin/../lib/gcc/avr/4.3.2/avr5\libgcc.a(_lt_sf.o)
 .bss           0x00800515        0x0 c:/progra~2/arduino/hardware/tools/avr/bin/../lib/gcc/avr/4.3.2/avr5\libgcc.a(_le_sf.o)
 .bss           0x00800515        0x0 c:/progra~2/arduino/hardware/tools/avr/bin/../lib/gcc/avr/4.3.2/avr5\libgcc.a(_unord_sf.o)
 .bss           0x00800515        0x0 c:/progra~2/arduino/hardware/tools/avr/bin/../lib/gcc/avr/4.3.2/avr5\libgcc.a(_si_to_sf.o)
 .bss           0x00800515        0x0 c:/progra~2/arduino/hardware/tools/avr/bin/../lib/gcc/avr/4.3.2/avr5\libgcc.a(_sf_to_si.o)
 .bss           0x00800515        0x0 c:/progra~2/arduino/hardware/tools/avr/bin/../lib/gcc/avr/4.3.2/avr5\libgcc.a(_thenan_sf.o)
 .bss           0x00800515        0x0 c:/progra~2/arduino/hardware/tools/avr/bin/../lib/gcc/avr/4.3.2/avr5\libgcc.a(_usi_to_sf.o)
 .bss           0x00800515        0x0 c:/progra~2/arduino/hardware/tools/avr/bin/../lib/gcc/avr/4.3.2/avr5\libgcc.a(_udivmodhi4.o)
 .bss           0x00800515        0x0 c:/progra~2/arduino/hardware/tools/avr/bin/../lib/gcc/avr/4.3.2/avr5\libgcc.a(_prologue.o)
 .bss           0x00800515        0x0 c:/progra~2/arduino/hardware/tools/avr/bin/../lib/gcc/avr/4.3.2/avr5\libgcc.a(_epilogue.o)
 .bss           0x00800515        0x0 c:/progra~2/arduino/hardware/tools/avr/bin/../lib/gcc/avr/4.3.2/avr5\libgcc.a(_tablejump.o)
 .bss           0x00800515        0x0 c:/progra~2/arduino/hardware/tools/avr/bin/../lib/gcc/avr/4.3.2/avr5\libgcc.a(_clzsi2.o)
 .bss           0x00800515        0x0 c:/progra~2/arduino/hardware/tools/avr/bin/../lib/gcc/avr/4.3.2/avr5\libgcc.a(_pack_sf.o)
 .bss           0x00800515        0x0 c:/progra~2/arduino/hardware/tools/avr/bin/../lib/gcc/avr/4.3.2/avr5\libgcc.a(_unpack_sf.o)
 .bss           0x00800515        0x0 c:/progra~2/arduino/hardware/tools/avr/bin/../lib/gcc/avr/4.3.2/avr5\libgcc.a(_fpcmp_parts_sf.o)
 .bss           0x00800515        0x0 c:/progra~2/arduino/hardware/tools/avr/bin/../lib/gcc/avr/4.3.2/avr5\libgcc.a(_clz.o)
 .bss           0x00800515        0x0 c:/progra~2/arduino/hardware/tools/avr/bin/../lib/gcc/avr/4.3.2/../../../../avr/lib/avr5\libc.a(malloc.o)
 .bss           0x00800515        0x0 c:/progra~2/arduino/hardware/tools/avr/bin/../lib/gcc/avr/4.3.2/../../../../avr/lib/avr5\libc.a(realloc.o)
 .bss           0x00800515        0x0 c:/progra~2/arduino/hardware/tools/avr/bin/../lib/gcc/avr/4.3.2/../../../../avr/lib/avr5\libc.a(atol.o)
 .bss           0x00800515        0x0 c:/progra~2/arduino/hardware/tools/avr/bin/../lib/gcc/avr/4.3.2/../../../../avr/lib/avr5\libc.a(isspace.o)
 .bss           0x00800515        0x0 c:/progra~2/arduino/hardware/tools/avr/bin/../lib/gcc/avr/4.3.2/../../../../avr/lib/avr5\libc.a(tolower.o)
 .bss           0x00800515        0x0 c:/progra~2/arduino/hardware/tools/avr/bin/../lib/gcc/avr/4.3.2/../../../../avr/lib/avr5\libc.a(toupper.o)
 .bss           0x00800515        0x0 c:/progra~2/arduino/hardware/tools/avr/bin/../lib/gcc/avr/4.3.2/../../../../avr/lib/avr5\libc.a(memcpy.o)
 .bss           0x00800515        0x0 c:/progra~2/arduino/hardware/tools/avr/bin/../lib/gcc/avr/4.3.2/../../../../avr/lib/avr5\libc.a(memmove.o)
 .bss           0x00800515        0x0 c:/progra~2/arduino/hardware/tools/avr/bin/../lib/gcc/avr/4.3.2/../../../../avr/lib/avr5\libc.a(strchr.o)
 .bss           0x00800515        0x0 c:/progra~2/arduino/hardware/tools/avr/bin/../lib/gcc/avr/4.3.2/../../../../avr/lib/avr5\libc.a(strcmp.o)
 .bss           0x00800515        0x0 c:/progra~2/arduino/hardware/tools/avr/bin/../lib/gcc/avr/4.3.2/../../../../avr/lib/avr5\libc.a(strcpy.o)
 .bss           0x00800515        0x0 c:/progra~2/arduino/hardware/tools/avr/bin/../lib/gcc/avr/4.3.2/../../../../avr/lib/avr5\libc.a(strncmp.o)
 .bss           0x00800515        0x0 c:/progra~2/arduino/hardware/tools/avr/bin/../lib/gcc/avr/4.3.2/../../../../avr/lib/avr5\libc.a(strncpy.o)
 .bss           0x00800515        0x0 c:/progra~2/arduino/hardware/tools/avr/bin/../lib/gcc/avr/4.3.2/../../../../avr/lib/avr5\libc.a(strrchr.o)
 .bss           0x00800515        0x0 c:/progra~2/arduino/hardware/tools/avr/bin/../lib/gcc/avr/4.3.2/../../../../avr/lib/avr5\libc.a(strstr.o)
 .bss           0x00800515        0x0 c:/progra~2/arduino/hardware/tools/avr/bin/../lib/gcc/avr/4.3.2/../../../../avr/lib/avr5\libc.a(itoa.o)
 .bss           0x00800515        0x0 c:/progra~2/arduino/hardware/tools/avr/bin/../lib/gcc/avr/4.3.2/../../../../avr/lib/avr5\libc.a(ltoa.o)
 .bss           0x00800515        0x0 c:/progra~2/arduino/hardware/tools/avr/bin/../lib/gcc/avr/4.3.2/../../../../avr/lib/avr5\libc.a(mulsi10.o)
 .bss           0x00800515        0x0 c:/progra~2/arduino/hardware/tools/avr/bin/../lib/gcc/avr/4.3.2/../../../../avr/lib/avr5\libc.a(ultoa.o)
 .bss           0x00800515        0x0 c:/progra~2/arduino/hardware/tools/avr/bin/../lib/gcc/avr/4.3.2/../../../../avr/lib/avr5\libc.a(utoa.o)
 .bss           0x00800515        0x0 c:/progra~2/arduino/hardware/tools/avr/bin/../lib/gcc/avr/4.3.2/../../../../avr/lib/avr5\libc.a(cty_isfalse.o)
 .bss           0x00800515        0x0 c:/progra~2/arduino/hardware/tools/avr/bin/../lib/gcc/avr/4.3.2/../../../../avr/lib/avr5\libc.a(strrev.o)
 *(.bss*)
 *(COMMON)
 COMMON         0x00800515        0x4 c:/progra~2/arduino/hardware/tools/avr/bin/../lib/gcc/avr/4.3.2/../../../../avr/lib/avr5\libc.a(malloc.o)
                0x00800515                __brkval
                0x00800517                __flp
                0x00800519                PROVIDE (__bss_end, .)
                0x00006f2c                __data_load_start = LOADADDR (.data)
                0x0000714e                __data_load_end = (__data_load_start + SIZEOF (.data))

.noinit         0x00800519        0x0
                0x00800519                PROVIDE (__noinit_start, .)
 *(.noinit*)
                0x00800519                PROVIDE (__noinit_end, .)
                0x00800519                _end = .
                0x00800519                PROVIDE (__heap_start, .)

.eeprom         0x00810000        0x0
 *(.eeprom*)
                0x00810000                __eeprom_end = .

.fuse
 *(.fuse)
 *(.lfuse)
 *(.hfuse)
 *(.efuse)

.lock
 *(.lock*)

.signature
 *(.signature*)

.stab
 *(.stab)

.stabstr
 *(.stabstr)

.stab.excl
 *(.stab.excl)

.stab.exclstr
 *(.stab.exclstr)

.stab.index
 *(.stab.index)

.stab.indexstr
 *(.stab.indexstr)

.comment
 *(.comment)

.debug
 *(.debug)

.line
 *(.line)

.debug_srcinfo
 *(.debug_srcinfo)

.debug_sfnames
 *(.debug_sfnames)

.debug_aranges
 *(.debug_aranges)

.debug_pubnames
 *(.debug_pubnames)

.debug_info
 *(.debug_info)
 *(.gnu.linkonce.wi.*)

.debug_abbrev
 *(.debug_abbrev)

.debug_line
 *(.debug_line)

.debug_frame
 *(.debug_frame)

.debug_str
 *(.debug_str)

.debug_loc
 *(.debug_loc)

.debug_macinfo
 *(.debug_macinfo)
OUTPUT(AVRBrewery.elf elf32-avr)
LOAD linker stubs

Cross Reference Table

Symbol                                            File
DallasTemperature::DallasTemperature(OneWire*)    ./libs/DallasTemperature/DallasTemperature.o
                                                  ./main.o
DallasTemperature::DallasTemperature(OneWire*)    ./libs/DallasTemperature/DallasTemperature.o
DallasTemperature::alarmSearch(unsigned char*)    ./libs/DallasTemperature/DallasTemperature.o
DallasTemperature::begin()                        ./libs/DallasTemperature/DallasTemperature.o
                                                  ./main.o
DallasTemperature::blockTillConversionComplete(unsigned char*, unsigned char*) ./libs/DallasTemperature/DallasTemperature.o
DallasTemperature::calculateTemperature(unsigned char*, unsigned char*) ./libs/DallasTemperature/DallasTemperature.o
DallasTemperature::defaultAlarmHandler(unsigned char*) ./libs/DallasTemperature/DallasTemperature.o
DallasTemperature::getAddress(unsigned char*, unsigned char) ./libs/DallasTemperature/DallasTemperature.o
DallasTemperature::getCheckForConversion()        ./libs/DallasTemperature/DallasTemperature.o
DallasTemperature::getDeviceCount()               ./libs/DallasTemperature/DallasTemperature.o
DallasTemperature::getHighAlarmTemp(unsigned char*) ./libs/DallasTemperature/DallasTemperature.o
DallasTemperature::getLowAlarmTemp(unsigned char*) ./libs/DallasTemperature/DallasTemperature.o
DallasTemperature::getResolution()                ./libs/DallasTemperature/DallasTemperature.o
DallasTemperature::getResolution(unsigned char*)  ./libs/DallasTemperature/DallasTemperature.o
DallasTemperature::getTempC(unsigned char*)       ./libs/DallasTemperature/DallasTemperature.o
DallasTemperature::getTempCByIndex(unsigned char) ./libs/DallasTemperature/DallasTemperature.o
                                                  ./main.o
DallasTemperature::getTempF(unsigned char*)       ./libs/DallasTemperature/DallasTemperature.o
DallasTemperature::getTempFByIndex(unsigned char) ./libs/DallasTemperature/DallasTemperature.o
DallasTemperature::getWaitForConversion()         ./libs/DallasTemperature/DallasTemperature.o
DallasTemperature::hasAlarm()                     ./libs/DallasTemperature/DallasTemperature.o
DallasTemperature::hasAlarm(unsigned char*)       ./libs/DallasTemperature/DallasTemperature.o
DallasTemperature::isConnected(unsigned char*)    ./libs/DallasTemperature/DallasTemperature.o
DallasTemperature::isConnected(unsigned char*, unsigned char*) ./libs/DallasTemperature/DallasTemperature.o
DallasTemperature::isConversionAvailable(unsigned char*) ./libs/DallasTemperature/DallasTemperature.o
DallasTemperature::isParasitePowerMode()          ./libs/DallasTemperature/DallasTemperature.o
DallasTemperature::processAlarms()                ./libs/DallasTemperature/DallasTemperature.o
DallasTemperature::readPowerSupply(unsigned char*) ./libs/DallasTemperature/DallasTemperature.o
DallasTemperature::readScratchPad(unsigned char*, unsigned char*) ./libs/DallasTemperature/DallasTemperature.o
DallasTemperature::requestTemperatures()          ./libs/DallasTemperature/DallasTemperature.o
                                                  ./main.o
DallasTemperature::requestTemperaturesByAddress(unsigned char*) ./libs/DallasTemperature/DallasTemperature.o
DallasTemperature::requestTemperaturesByIndex(unsigned char) ./libs/DallasTemperature/DallasTemperature.o
DallasTemperature::resetAlarmSearch()             ./libs/DallasTemperature/DallasTemperature.o
DallasTemperature::setAlarmHandler(void (*)(unsigned char*)) ./libs/DallasTemperature/DallasTemperature.o
DallasTemperature::setCheckForConversion(bool)    ./libs/DallasTemperature/DallasTemperature.o
DallasTemperature::setHighAlarmTemp(unsigned char*, char) ./libs/DallasTemperature/DallasTemperature.o
DallasTemperature::setLowAlarmTemp(unsigned char*, char) ./libs/DallasTemperature/DallasTemperature.o
DallasTemperature::setResolution(unsigned char)   ./libs/DallasTemperature/DallasTemperature.o
DallasTemperature::setResolution(unsigned char*, unsigned char) ./libs/DallasTemperature/DallasTemperature.o
DallasTemperature::setWaitForConversion(bool)     ./libs/DallasTemperature/DallasTemperature.o
DallasTemperature::toCelsius(float)               ./libs/DallasTemperature/DallasTemperature.o
DallasTemperature::toFahrenheit(float)            ./libs/DallasTemperature/DallasTemperature.o
DallasTemperature::validAddress(unsigned char*)   ./libs/DallasTemperature/DallasTemperature.o
DallasTemperature::writeScratchPad(unsigned char*, unsigned char const*) ./libs/DallasTemperature/DallasTemperature.o
EEPROM                                            ./libs/EEPROM/EEPROM.o
                                                  ./main.o
EEPROMClass::read(int)                            ./libs/EEPROM/EEPROM.o
                                                  ./main.o
EEPROMClass::write(int, unsigned char)            ./libs/EEPROM/EEPROM.o
                                                  ./main.o
HardwareSerial::HardwareSerial(ring_buffer*, ring_buffer*, unsigned char volatile*, unsigned char volatile*, unsigned char volatile*, unsigned char volatile*, unsigned char volatile*, unsigned char volatile*, unsigned char, unsigned char, unsigned char, unsigned char, unsigned char) D:\Work\eclipse\ArduinoCore\Release\libArduinoCore.a(HardwareSerial.o)
HardwareSerial::HardwareSerial(ring_buffer*, ring_buffer*, unsigned char volatile*, unsigned char volatile*, unsigned char volatile*, unsigned char volatile*, unsigned char volatile*, unsigned char volatile*, unsigned char, unsigned char, unsigned char, unsigned char, unsigned char) D:\Work\eclipse\ArduinoCore\Release\libArduinoCore.a(HardwareSerial.o)
HardwareSerial::available()                       D:\Work\eclipse\ArduinoCore\Release\libArduinoCore.a(HardwareSerial.o)
HardwareSerial::begin(unsigned long)              D:\Work\eclipse\ArduinoCore\Release\libArduinoCore.a(HardwareSerial.o)
                                                  ./main.o
HardwareSerial::begin(unsigned long, unsigned char) D:\Work\eclipse\ArduinoCore\Release\libArduinoCore.a(HardwareSerial.o)
HardwareSerial::end()                             D:\Work\eclipse\ArduinoCore\Release\libArduinoCore.a(HardwareSerial.o)
HardwareSerial::flush()                           D:\Work\eclipse\ArduinoCore\Release\libArduinoCore.a(HardwareSerial.o)
HardwareSerial::operator bool()                   D:\Work\eclipse\ArduinoCore\Release\libArduinoCore.a(HardwareSerial.o)
HardwareSerial::peek()                            D:\Work\eclipse\ArduinoCore\Release\libArduinoCore.a(HardwareSerial.o)
HardwareSerial::read()                            D:\Work\eclipse\ArduinoCore\Release\libArduinoCore.a(HardwareSerial.o)
HardwareSerial::write(unsigned char)              D:\Work\eclipse\ArduinoCore\Release\libArduinoCore.a(HardwareSerial.o)
OneWire::OneWire(unsigned char)                   ./libs/OneWire/OneWire.o
OneWire::OneWire(unsigned char)                   ./libs/OneWire/OneWire.o
                                                  ./main.o
OneWire::check_crc16(unsigned char*, unsigned int, unsigned char*) ./libs/OneWire/OneWire.o
OneWire::crc16(unsigned char*, unsigned int)      ./libs/OneWire/OneWire.o
OneWire::crc8(unsigned char*, unsigned char)      ./libs/OneWire/OneWire.o
                                                  ./libs/DallasTemperature/DallasTemperature.o
OneWire::depower()                                ./libs/OneWire/OneWire.o
OneWire::read()                                   ./libs/OneWire/OneWire.o
                                                  ./libs/DallasTemperature/DallasTemperature.o
OneWire::read_bit()                               ./libs/OneWire/OneWire.o
                                                  ./libs/DallasTemperature/DallasTemperature.o
OneWire::read_bytes(unsigned char*, unsigned int) ./libs/OneWire/OneWire.o
OneWire::reset()                                  ./libs/OneWire/OneWire.o
                                                  ./libs/DallasTemperature/DallasTemperature.o
OneWire::reset_search()                           ./libs/OneWire/OneWire.o
                                                  ./libs/DallasTemperature/DallasTemperature.o
OneWire::search(unsigned char*)                   ./libs/OneWire/OneWire.o
                                                  ./libs/DallasTemperature/DallasTemperature.o
OneWire::select(unsigned char*)                   ./libs/OneWire/OneWire.o
                                                  ./libs/DallasTemperature/DallasTemperature.o
OneWire::skip()                                   ./libs/OneWire/OneWire.o
                                                  ./libs/DallasTemperature/DallasTemperature.o
OneWire::write(unsigned char, unsigned char)      ./libs/OneWire/OneWire.o
                                                  ./libs/DallasTemperature/DallasTemperature.o
OneWire::write_bit(unsigned char)                 ./libs/OneWire/OneWire.o
                                                  ./libs/DallasTemperature/DallasTemperature.o
OneWire::write_bytes(unsigned char const*, unsigned int, bool) ./libs/OneWire/OneWire.o
Print::print(Printable const&)                    D:\Work\eclipse\ArduinoCore\Release\libArduinoCore.a(Print.o)
Print::print(String const&)                       D:\Work\eclipse\ArduinoCore\Release\libArduinoCore.a(Print.o)
                                                  ./main.o
Print::print(__FlashStringHelper const*)          D:\Work\eclipse\ArduinoCore\Release\libArduinoCore.a(Print.o)
Print::print(char const*)                         D:\Work\eclipse\ArduinoCore\Release\libArduinoCore.a(Print.o)
                                                  ./main.o
Print::print(char)                                D:\Work\eclipse\ArduinoCore\Release\libArduinoCore.a(Print.o)
Print::print(double, int)                         D:\Work\eclipse\ArduinoCore\Release\libArduinoCore.a(Print.o)
Print::print(int, int)                            D:\Work\eclipse\ArduinoCore\Release\libArduinoCore.a(Print.o)
Print::print(long, int)                           D:\Work\eclipse\ArduinoCore\Release\libArduinoCore.a(Print.o)
Print::print(unsigned char, int)                  D:\Work\eclipse\ArduinoCore\Release\libArduinoCore.a(Print.o)
                                                  ./main.o
Print::print(unsigned int, int)                   D:\Work\eclipse\ArduinoCore\Release\libArduinoCore.a(Print.o)
Print::print(unsigned long, int)                  D:\Work\eclipse\ArduinoCore\Release\libArduinoCore.a(Print.o)
                                                  ./main.o
Print::printFloat(double, unsigned char)          D:\Work\eclipse\ArduinoCore\Release\libArduinoCore.a(Print.o)
Print::printNumber(unsigned long, unsigned char)  D:\Work\eclipse\ArduinoCore\Release\libArduinoCore.a(Print.o)
Print::println()                                  D:\Work\eclipse\ArduinoCore\Release\libArduinoCore.a(Print.o)
Print::println(Printable const&)                  D:\Work\eclipse\ArduinoCore\Release\libArduinoCore.a(Print.o)
Print::println(String const&)                     D:\Work\eclipse\ArduinoCore\Release\libArduinoCore.a(Print.o)
Print::println(__FlashStringHelper const*)        D:\Work\eclipse\ArduinoCore\Release\libArduinoCore.a(Print.o)
Print::println(char const*)                       D:\Work\eclipse\ArduinoCore\Release\libArduinoCore.a(Print.o)
                                                  ./main.o
Print::println(char)                              D:\Work\eclipse\ArduinoCore\Release\libArduinoCore.a(Print.o)
Print::println(double, int)                       D:\Work\eclipse\ArduinoCore\Release\libArduinoCore.a(Print.o)
Print::println(int, int)                          D:\Work\eclipse\ArduinoCore\Release\libArduinoCore.a(Print.o)
                                                  ./main.o
Print::println(long, int)                         D:\Work\eclipse\ArduinoCore\Release\libArduinoCore.a(Print.o)
Print::println(unsigned char, int)                D:\Work\eclipse\ArduinoCore\Release\libArduinoCore.a(Print.o)
                                                  ./main.o
Print::println(unsigned int, int)                 D:\Work\eclipse\ArduinoCore\Release\libArduinoCore.a(Print.o)
Print::println(unsigned long, int)                D:\Work\eclipse\ArduinoCore\Release\libArduinoCore.a(Print.o)
Print::write(char const*)                         D:\Work\eclipse\ArduinoCore\Release\libArduinoCore.a(Print.o)
Print::write(unsigned char const*, unsigned int)  D:\Work\eclipse\ArduinoCore\Release\libArduinoCore.a(Print.o)
                                                  D:\Work\eclipse\ArduinoCore\Release\libArduinoCore.a(HardwareSerial.o)
                                                  ./libs/SoftwareSerial/SoftwareSerial.o
Serial                                            D:\Work\eclipse\ArduinoCore\Release\libArduinoCore.a(HardwareSerial.o)
                                                  ./main.o
SoftwareSerial::SoftwareSerial(unsigned char, unsigned char, bool) ./libs/SoftwareSerial/SoftwareSerial.o
SoftwareSerial::SoftwareSerial(unsigned char, unsigned char, bool) ./libs/SoftwareSerial/SoftwareSerial.o
                                                  ./main.o
SoftwareSerial::_receive_buffer                   ./libs/SoftwareSerial/SoftwareSerial.o
SoftwareSerial::_receive_buffer_head              ./libs/SoftwareSerial/SoftwareSerial.o
SoftwareSerial::_receive_buffer_tail              ./libs/SoftwareSerial/SoftwareSerial.o
SoftwareSerial::active_object                     ./libs/SoftwareSerial/SoftwareSerial.o
SoftwareSerial::available()                       ./libs/SoftwareSerial/SoftwareSerial.o
                                                  ./main.o
SoftwareSerial::begin(long)                       ./libs/SoftwareSerial/SoftwareSerial.o
                                                  ./main.o
SoftwareSerial::end()                             ./libs/SoftwareSerial/SoftwareSerial.o
SoftwareSerial::flush()                           ./libs/SoftwareSerial/SoftwareSerial.o
SoftwareSerial::listen()                          ./libs/SoftwareSerial/SoftwareSerial.o
SoftwareSerial::peek()                            ./libs/SoftwareSerial/SoftwareSerial.o
SoftwareSerial::read()                            ./libs/SoftwareSerial/SoftwareSerial.o
                                                  ./main.o
SoftwareSerial::recv()                            ./libs/SoftwareSerial/SoftwareSerial.o
SoftwareSerial::rx_pin_read()                     ./libs/SoftwareSerial/SoftwareSerial.o
SoftwareSerial::setRX(unsigned char)              ./libs/SoftwareSerial/SoftwareSerial.o
SoftwareSerial::setTX(unsigned char)              ./libs/SoftwareSerial/SoftwareSerial.o
SoftwareSerial::tx_pin_write(unsigned char)       ./libs/SoftwareSerial/SoftwareSerial.o
SoftwareSerial::write(unsigned char)              ./libs/SoftwareSerial/SoftwareSerial.o
SoftwareSerial::~SoftwareSerial()                 ./libs/SoftwareSerial/SoftwareSerial.o
SoftwareSerial::~SoftwareSerial()                 ./libs/SoftwareSerial/SoftwareSerial.o
                                                  ./main.o
String::String(String const&)                     D:\Work\eclipse\ArduinoCore\Release\libArduinoCore.a(WString.o)
                                                  ./main.o
String::String(String const&)                     D:\Work\eclipse\ArduinoCore\Release\libArduinoCore.a(WString.o)
String::String(char const*)                       D:\Work\eclipse\ArduinoCore\Release\libArduinoCore.a(WString.o)
String::String(char const*)                       D:\Work\eclipse\ArduinoCore\Release\libArduinoCore.a(WString.o)
                                                  ./main.o
String::String(char)                              D:\Work\eclipse\ArduinoCore\Release\libArduinoCore.a(WString.o)
String::String(char)                              D:\Work\eclipse\ArduinoCore\Release\libArduinoCore.a(WString.o)
String::String(int, unsigned char)                D:\Work\eclipse\ArduinoCore\Release\libArduinoCore.a(WString.o)
String::String(int, unsigned char)                D:\Work\eclipse\ArduinoCore\Release\libArduinoCore.a(WString.o)
String::String(long, unsigned char)               D:\Work\eclipse\ArduinoCore\Release\libArduinoCore.a(WString.o)
String::String(long, unsigned char)               D:\Work\eclipse\ArduinoCore\Release\libArduinoCore.a(WString.o)
String::String(unsigned char, unsigned char)      D:\Work\eclipse\ArduinoCore\Release\libArduinoCore.a(WString.o)
String::String(unsigned char, unsigned char)      D:\Work\eclipse\ArduinoCore\Release\libArduinoCore.a(WString.o)
String::String(unsigned int, unsigned char)       D:\Work\eclipse\ArduinoCore\Release\libArduinoCore.a(WString.o)
String::String(unsigned int, unsigned char)       D:\Work\eclipse\ArduinoCore\Release\libArduinoCore.a(WString.o)
String::String(unsigned long, unsigned char)      D:\Work\eclipse\ArduinoCore\Release\libArduinoCore.a(WString.o)
String::String(unsigned long, unsigned char)      D:\Work\eclipse\ArduinoCore\Release\libArduinoCore.a(WString.o)
String::changeBuffer(unsigned int)                D:\Work\eclipse\ArduinoCore\Release\libArduinoCore.a(WString.o)
String::charAt(unsigned int) const                D:\Work\eclipse\ArduinoCore\Release\libArduinoCore.a(WString.o)
String::compareTo(String const&) const            D:\Work\eclipse\ArduinoCore\Release\libArduinoCore.a(WString.o)
String::concat(String const&)                     D:\Work\eclipse\ArduinoCore\Release\libArduinoCore.a(WString.o)
String::concat(char const*)                       D:\Work\eclipse\ArduinoCore\Release\libArduinoCore.a(WString.o)
String::concat(char const*, unsigned int)         D:\Work\eclipse\ArduinoCore\Release\libArduinoCore.a(WString.o)
String::concat(char)                              D:\Work\eclipse\ArduinoCore\Release\libArduinoCore.a(WString.o)
                                                  ./main.o
String::concat(int)                               D:\Work\eclipse\ArduinoCore\Release\libArduinoCore.a(WString.o)
String::concat(long)                              D:\Work\eclipse\ArduinoCore\Release\libArduinoCore.a(WString.o)
String::concat(unsigned char)                     D:\Work\eclipse\ArduinoCore\Release\libArduinoCore.a(WString.o)
String::concat(unsigned int)                      D:\Work\eclipse\ArduinoCore\Release\libArduinoCore.a(WString.o)
String::concat(unsigned long)                     D:\Work\eclipse\ArduinoCore\Release\libArduinoCore.a(WString.o)
String::copy(char const*, unsigned int)           D:\Work\eclipse\ArduinoCore\Release\libArduinoCore.a(WString.o)
String::endsWith(String const&) const             D:\Work\eclipse\ArduinoCore\Release\libArduinoCore.a(WString.o)
String::equals(String const&) const               D:\Work\eclipse\ArduinoCore\Release\libArduinoCore.a(WString.o)
String::equals(char const*) const                 D:\Work\eclipse\ArduinoCore\Release\libArduinoCore.a(WString.o)
                                                  ./main.o
String::equalsIgnoreCase(String const&) const     D:\Work\eclipse\ArduinoCore\Release\libArduinoCore.a(WString.o)
String::getBytes(unsigned char*, unsigned int, unsigned int) const D:\Work\eclipse\ArduinoCore\Release\libArduinoCore.a(WString.o)
String::indexOf(String const&) const              D:\Work\eclipse\ArduinoCore\Release\libArduinoCore.a(WString.o)
                                                  ./main.o
String::indexOf(String const&, unsigned int) const D:\Work\eclipse\ArduinoCore\Release\libArduinoCore.a(WString.o)
                                                  ./main.o
String::indexOf(char) const                       D:\Work\eclipse\ArduinoCore\Release\libArduinoCore.a(WString.o)
String::indexOf(char, unsigned int) const         D:\Work\eclipse\ArduinoCore\Release\libArduinoCore.a(WString.o)
String::invalidate()                              D:\Work\eclipse\ArduinoCore\Release\libArduinoCore.a(WString.o)
String::lastIndexOf(String const&) const          D:\Work\eclipse\ArduinoCore\Release\libArduinoCore.a(WString.o)
String::lastIndexOf(String const&, unsigned int) const D:\Work\eclipse\ArduinoCore\Release\libArduinoCore.a(WString.o)
String::lastIndexOf(char) const                   D:\Work\eclipse\ArduinoCore\Release\libArduinoCore.a(WString.o)
String::lastIndexOf(char, unsigned int) const     D:\Work\eclipse\ArduinoCore\Release\libArduinoCore.a(WString.o)
String::operator<(String const&) const            D:\Work\eclipse\ArduinoCore\Release\libArduinoCore.a(WString.o)
String::operator<=(String const&) const           D:\Work\eclipse\ArduinoCore\Release\libArduinoCore.a(WString.o)
String::operator=(String const&)                  D:\Work\eclipse\ArduinoCore\Release\libArduinoCore.a(WString.o)
                                                  ./main.o
String::operator=(char const*)                    D:\Work\eclipse\ArduinoCore\Release\libArduinoCore.a(WString.o)
                                                  ./main.o
String::operator>(String const&) const            D:\Work\eclipse\ArduinoCore\Release\libArduinoCore.a(WString.o)
String::operator>=(String const&) const           D:\Work\eclipse\ArduinoCore\Release\libArduinoCore.a(WString.o)
String::operator[](unsigned int)                  D:\Work\eclipse\ArduinoCore\Release\libArduinoCore.a(WString.o)
String::operator[](unsigned int) const            D:\Work\eclipse\ArduinoCore\Release\libArduinoCore.a(WString.o)
                                                  D:\Work\eclipse\ArduinoCore\Release\libArduinoCore.a(Print.o)
String::replace(String const&, String const&)     D:\Work\eclipse\ArduinoCore\Release\libArduinoCore.a(WString.o)
String::replace(char, char)                       D:\Work\eclipse\ArduinoCore\Release\libArduinoCore.a(WString.o)
String::reserve(unsigned int)                     D:\Work\eclipse\ArduinoCore\Release\libArduinoCore.a(WString.o)
String::setCharAt(unsigned int, char)             D:\Work\eclipse\ArduinoCore\Release\libArduinoCore.a(WString.o)
String::startsWith(String const&) const           D:\Work\eclipse\ArduinoCore\Release\libArduinoCore.a(WString.o)
String::startsWith(String const&, unsigned int) const D:\Work\eclipse\ArduinoCore\Release\libArduinoCore.a(WString.o)
String::substring(unsigned int) const             D:\Work\eclipse\ArduinoCore\Release\libArduinoCore.a(WString.o)
String::substring(unsigned int, unsigned int) const D:\Work\eclipse\ArduinoCore\Release\libArduinoCore.a(WString.o)
                                                  ./main.o
String::toInt() const                             D:\Work\eclipse\ArduinoCore\Release\libArduinoCore.a(WString.o)
                                                  ./main.o
String::toLowerCase()                             D:\Work\eclipse\ArduinoCore\Release\libArduinoCore.a(WString.o)
String::toUpperCase()                             D:\Work\eclipse\ArduinoCore\Release\libArduinoCore.a(WString.o)
                                                  ./main.o
String::trim()                                    D:\Work\eclipse\ArduinoCore\Release\libArduinoCore.a(WString.o)
String::~String()                                 D:\Work\eclipse\ArduinoCore\Release\libArduinoCore.a(WString.o)
String::~String()                                 D:\Work\eclipse\ArduinoCore\Release\libArduinoCore.a(WString.o)
                                                  ./main.o
__addsf3                                          c:/progra~2/arduino/hardware/tools/avr/bin/../lib/gcc/avr/4.3.2/avr5\libgcc.a(_addsub_sf.o)
                                                  D:\Work\eclipse\ArduinoCore\Release\libArduinoCore.a(Print.o)
                                                  ./libs/DallasTemperature/DallasTemperature.o
__bad_interrupt                                   c:/progra~2/arduino/hardware/tools/avr/bin/../lib/gcc/avr/4.3.2/../../../../avr/lib/avr5/crtm328p.o
__brkval                                          c:/progra~2/arduino/hardware/tools/avr/bin/../lib/gcc/avr/4.3.2/../../../../avr/lib/avr5\libc.a(realloc.o)
                                                  c:/progra~2/arduino/hardware/tools/avr/bin/../lib/gcc/avr/4.3.2/../../../../avr/lib/avr5\libc.a(malloc.o)
__bss_end                                         c:/progra~2/arduino/hardware/tools/avr/bin/../lib/gcc/avr/4.3.2/avr5\libgcc.a(_clear_bss.o)
__bss_start                                       c:/progra~2/arduino/hardware/tools/avr/bin/../lib/gcc/avr/4.3.2/avr5\libgcc.a(_clear_bss.o)
__clz_tab                                         c:/progra~2/arduino/hardware/tools/avr/bin/../lib/gcc/avr/4.3.2/avr5\libgcc.a(_clz.o)
                                                  c:/progra~2/arduino/hardware/tools/avr/bin/../lib/gcc/avr/4.3.2/avr5\libgcc.a(_clzsi2.o)
__clzsi2                                          c:/progra~2/arduino/hardware/tools/avr/bin/../lib/gcc/avr/4.3.2/avr5\libgcc.a(_clzsi2.o)
                                                  c:/progra~2/arduino/hardware/tools/avr/bin/../lib/gcc/avr/4.3.2/avr5\libgcc.a(_usi_to_sf.o)
                                                  c:/progra~2/arduino/hardware/tools/avr/bin/../lib/gcc/avr/4.3.2/avr5\libgcc.a(_si_to_sf.o)
__ctors_end                                       c:/progra~2/arduino/hardware/tools/avr/bin/../lib/gcc/avr/4.3.2/avr5\libgcc.a(_ctors.o)
__ctors_start                                     c:/progra~2/arduino/hardware/tools/avr/bin/../lib/gcc/avr/4.3.2/avr5\libgcc.a(_ctors.o)
__ctype_isfalse                                   c:/progra~2/arduino/hardware/tools/avr/bin/../lib/gcc/avr/4.3.2/../../../../avr/lib/avr5\libc.a(cty_isfalse.o)
                                                  c:/progra~2/arduino/hardware/tools/avr/bin/../lib/gcc/avr/4.3.2/../../../../avr/lib/avr5\libc.a(isspace.o)
__ctype_istrue                                    c:/progra~2/arduino/hardware/tools/avr/bin/../lib/gcc/avr/4.3.2/../../../../avr/lib/avr5\libc.a(cty_isfalse.o)
__cxa_guard_abort                                 D:\Work\eclipse\ArduinoCore\Release\libArduinoCore.a(new.o)
__cxa_guard_acquire                               D:\Work\eclipse\ArduinoCore\Release\libArduinoCore.a(new.o)
__cxa_guard_release                               D:\Work\eclipse\ArduinoCore\Release\libArduinoCore.a(new.o)
__cxa_pure_virtual                                D:\Work\eclipse\ArduinoCore\Release\libArduinoCore.a(new.o)
                                                  D:\Work\eclipse\ArduinoCore\Release\libArduinoCore.a(Print.o)
                                                  D:\Work\eclipse\ArduinoCore\Release\libArduinoCore.a(HardwareSerial.o)
                                                  ./libs/SoftwareSerial/SoftwareSerial.o
__data_end                                        c:/progra~2/arduino/hardware/tools/avr/bin/../lib/gcc/avr/4.3.2/avr5\libgcc.a(_copy_data.o)
__data_load_start                                 c:/progra~2/arduino/hardware/tools/avr/bin/../lib/gcc/avr/4.3.2/avr5\libgcc.a(_copy_data.o)
__data_start                                      c:/progra~2/arduino/hardware/tools/avr/bin/../lib/gcc/avr/4.3.2/avr5\libgcc.a(_copy_data.o)
__divmodhi4                                       c:/progra~2/arduino/hardware/tools/avr/bin/../lib/gcc/avr/4.3.2/avr5\libgcc.a(_divmodhi4.o)
                                                  ./libs/SoftwareSerial/SoftwareSerial.o
__divsf3                                          c:/progra~2/arduino/hardware/tools/avr/bin/../lib/gcc/avr/4.3.2/avr5\libgcc.a(_div_sf.o)
                                                  D:\Work\eclipse\ArduinoCore\Release\libArduinoCore.a(Print.o)
                                                  ./libs/DallasTemperature/DallasTemperature.o
__do_clear_bss                                    c:/progra~2/arduino/hardware/tools/avr/bin/../lib/gcc/avr/4.3.2/avr5\libgcc.a(_clear_bss.o)
                                                  c:/progra~2/arduino/hardware/tools/avr/bin/../lib/gcc/avr/4.3.2/../../../../avr/lib/avr5\libc.a(realloc.o)
                                                  c:/progra~2/arduino/hardware/tools/avr/bin/../lib/gcc/avr/4.3.2/../../../../avr/lib/avr5\libc.a(malloc.o)
                                                  c:/progra~2/arduino/hardware/tools/avr/bin/../lib/gcc/avr/4.3.2/avr5\libgcc.a(_clz.o)
                                                  c:/progra~2/arduino/hardware/tools/avr/bin/../lib/gcc/avr/4.3.2/avr5\libgcc.a(_fpcmp_parts_sf.o)
                                                  c:/progra~2/arduino/hardware/tools/avr/bin/../lib/gcc/avr/4.3.2/avr5\libgcc.a(_unpack_sf.o)
                                                  c:/progra~2/arduino/hardware/tools/avr/bin/../lib/gcc/avr/4.3.2/avr5\libgcc.a(_pack_sf.o)
                                                  c:/progra~2/arduino/hardware/tools/avr/bin/../lib/gcc/avr/4.3.2/avr5\libgcc.a(_clzsi2.o)
                                                  c:/progra~2/arduino/hardware/tools/avr/bin/../lib/gcc/avr/4.3.2/avr5\libgcc.a(_usi_to_sf.o)
                                                  c:/progra~2/arduino/hardware/tools/avr/bin/../lib/gcc/avr/4.3.2/avr5\libgcc.a(_thenan_sf.o)
                                                  c:/progra~2/arduino/hardware/tools/avr/bin/../lib/gcc/avr/4.3.2/avr5\libgcc.a(_sf_to_si.o)
                                                  c:/progra~2/arduino/hardware/tools/avr/bin/../lib/gcc/avr/4.3.2/avr5\libgcc.a(_si_to_sf.o)
                                                  c:/progra~2/arduino/hardware/tools/avr/bin/../lib/gcc/avr/4.3.2/avr5\libgcc.a(_unord_sf.o)
                                                  c:/progra~2/arduino/hardware/tools/avr/bin/../lib/gcc/avr/4.3.2/avr5\libgcc.a(_le_sf.o)
                                                  c:/progra~2/arduino/hardware/tools/avr/bin/../lib/gcc/avr/4.3.2/avr5\libgcc.a(_lt_sf.o)
                                                  c:/progra~2/arduino/hardware/tools/avr/bin/../lib/gcc/avr/4.3.2/avr5\libgcc.a(_ge_sf.o)
                                                  c:/progra~2/arduino/hardware/tools/avr/bin/../lib/gcc/avr/4.3.2/avr5\libgcc.a(_gt_sf.o)
                                                  c:/progra~2/arduino/hardware/tools/avr/bin/../lib/gcc/avr/4.3.2/avr5\libgcc.a(_div_sf.o)
                                                  c:/progra~2/arduino/hardware/tools/avr/bin/../lib/gcc/avr/4.3.2/avr5\libgcc.a(_mul_sf.o)
                                                  c:/progra~2/arduino/hardware/tools/avr/bin/../lib/gcc/avr/4.3.2/avr5\libgcc.a(_addsub_sf.o)
                                                  c:/progra~2/arduino/hardware/tools/avr/bin/../lib/gcc/avr/4.3.2/avr5\libgcc.a(_fixunssfsi.o)
                                                  D:\Work\eclipse\ArduinoCore\Release\libArduinoCore.a(wiring_digital.o)
                                                  D:\Work\eclipse\ArduinoCore\Release\libArduinoCore.a(wiring.o)
                                                  D:\Work\eclipse\ArduinoCore\Release\libArduinoCore.a(new.o)
                                                  D:\Work\eclipse\ArduinoCore\Release\libArduinoCore.a(WString.o)
                                                  D:\Work\eclipse\ArduinoCore\Release\libArduinoCore.a(Print.o)
                                                  D:\Work\eclipse\ArduinoCore\Release\libArduinoCore.a(HardwareSerial.o)
                                                  ./main.o
                                                  ./libs/DallasTemperature/DallasTemperature.o
                                                  ./libs/EEPROM/EEPROM.o
                                                  ./libs/OneWire/OneWire.o
                                                  ./libs/SoftwareSerial/SoftwareSerial.o
__do_copy_data                                    c:/progra~2/arduino/hardware/tools/avr/bin/../lib/gcc/avr/4.3.2/avr5\libgcc.a(_copy_data.o)
                                                  c:/progra~2/arduino/hardware/tools/avr/bin/../lib/gcc/avr/4.3.2/../../../../avr/lib/avr5\libc.a(realloc.o)
                                                  c:/progra~2/arduino/hardware/tools/avr/bin/../lib/gcc/avr/4.3.2/../../../../avr/lib/avr5\libc.a(malloc.o)
                                                  c:/progra~2/arduino/hardware/tools/avr/bin/../lib/gcc/avr/4.3.2/avr5\libgcc.a(_clz.o)
                                                  c:/progra~2/arduino/hardware/tools/avr/bin/../lib/gcc/avr/4.3.2/avr5\libgcc.a(_fpcmp_parts_sf.o)
                                                  c:/progra~2/arduino/hardware/tools/avr/bin/../lib/gcc/avr/4.3.2/avr5\libgcc.a(_unpack_sf.o)
                                                  c:/progra~2/arduino/hardware/tools/avr/bin/../lib/gcc/avr/4.3.2/avr5\libgcc.a(_pack_sf.o)
                                                  c:/progra~2/arduino/hardware/tools/avr/bin/../lib/gcc/avr/4.3.2/avr5\libgcc.a(_clzsi2.o)
                                                  c:/progra~2/arduino/hardware/tools/avr/bin/../lib/gcc/avr/4.3.2/avr5\libgcc.a(_usi_to_sf.o)
                                                  c:/progra~2/arduino/hardware/tools/avr/bin/../lib/gcc/avr/4.3.2/avr5\libgcc.a(_thenan_sf.o)
                                                  c:/progra~2/arduino/hardware/tools/avr/bin/../lib/gcc/avr/4.3.2/avr5\libgcc.a(_sf_to_si.o)
                                                  c:/progra~2/arduino/hardware/tools/avr/bin/../lib/gcc/avr/4.3.2/avr5\libgcc.a(_si_to_sf.o)
                                                  c:/progra~2/arduino/hardware/tools/avr/bin/../lib/gcc/avr/4.3.2/avr5\libgcc.a(_unord_sf.o)
                                                  c:/progra~2/arduino/hardware/tools/avr/bin/../lib/gcc/avr/4.3.2/avr5\libgcc.a(_le_sf.o)
                                                  c:/progra~2/arduino/hardware/tools/avr/bin/../lib/gcc/avr/4.3.2/avr5\libgcc.a(_lt_sf.o)
                                                  c:/progra~2/arduino/hardware/tools/avr/bin/../lib/gcc/avr/4.3.2/avr5\libgcc.a(_ge_sf.o)
                                                  c:/progra~2/arduino/hardware/tools/avr/bin/../lib/gcc/avr/4.3.2/avr5\libgcc.a(_gt_sf.o)
                                                  c:/progra~2/arduino/hardware/tools/avr/bin/../lib/gcc/avr/4.3.2/avr5\libgcc.a(_div_sf.o)
                                                  c:/progra~2/arduino/hardware/tools/avr/bin/../lib/gcc/avr/4.3.2/avr5\libgcc.a(_mul_sf.o)
                                                  c:/progra~2/arduino/hardware/tools/avr/bin/../lib/gcc/avr/4.3.2/avr5\libgcc.a(_addsub_sf.o)
                                                  c:/progra~2/arduino/hardware/tools/avr/bin/../lib/gcc/avr/4.3.2/avr5\libgcc.a(_fixunssfsi.o)
                                                  D:\Work\eclipse\ArduinoCore\Release\libArduinoCore.a(wiring_digital.o)
                                                  D:\Work\eclipse\ArduinoCore\Release\libArduinoCore.a(wiring.o)
                                                  D:\Work\eclipse\ArduinoCore\Release\libArduinoCore.a(new.o)
                                                  D:\Work\eclipse\ArduinoCore\Release\libArduinoCore.a(WString.o)
                                                  D:\Work\eclipse\ArduinoCore\Release\libArduinoCore.a(Print.o)
                                                  D:\Work\eclipse\ArduinoCore\Release\libArduinoCore.a(HardwareSerial.o)
                                                  ./main.o
                                                  ./libs/DallasTemperature/DallasTemperature.o
                                                  ./libs/EEPROM/EEPROM.o
                                                  ./libs/OneWire/OneWire.o
                                                  ./libs/SoftwareSerial/SoftwareSerial.o
__do_global_ctors                                 c:/progra~2/arduino/hardware/tools/avr/bin/../lib/gcc/avr/4.3.2/avr5\libgcc.a(_ctors.o)
                                                  D:\Work\eclipse\ArduinoCore\Release\libArduinoCore.a(HardwareSerial.o)
                                                  ./main.o
__do_global_dtors                                 c:/progra~2/arduino/hardware/tools/avr/bin/../lib/gcc/avr/4.3.2/avr5\libgcc.a(_dtors.o)
                                                  ./main.o